16:31:04 **** Incremental Build of configuration Debug for project Test02-ADC ****
make -j4 all 
arm-none-eabi-gcc "../Core/Src/main.c" -mcpu=cortex-m4 -std=gnu11 -g3 -DDEBUG -DUSE_HAL_DRIVER -DSTM32F411xE -c -I../Core/Inc -I../Drivers/STM32F4xx_HAL_Driver/Inc -I../Drivers/STM32F4xx_HAL_Driver/Inc/Legacy -I../Drivers/CMSIS/Device/ST/STM32F4xx/Include -I../Drivers/CMSIS/Include -O0 -ffunction-sections -fdata-sections -Wall -fstack-usage -fcyclomatic-complexity -MMD -MP -MF"Core/Src/main.d" -MT"Core/Src/main.o" --specs=nano.specs -mfpu=fpv4-sp-d16 -mfloat-abi=hard -mthumb -o "Core/Src/main.o"
arm-none-eabi-gcc "../Core/Src/stm32f4xx_hal_msp.c" -mcpu=cortex-m4 -std=gnu11 -g3 -DDEBUG -DUSE_HAL_DRIVER -DSTM32F411xE -c -I../Core/Inc -I../Drivers/STM32F4xx_HAL_Driver/Inc -I../Drivers/STM32F4xx_HAL_Driver/Inc/Legacy -I../Drivers/CMSIS/Device/ST/STM32F4xx/Include -I../Drivers/CMSIS/Include -O0 -ffunction-sections -fdata-sections -Wall -fstack-usage -fcyclomatic-complexity -MMD -MP -MF"Core/Src/stm32f4xx_hal_msp.d" -MT"Core/Src/stm32f4xx_hal_msp.o" --specs=nano.specs -mfpu=fpv4-sp-d16 -mfloat-abi=hard -mthumb -o "Core/Src/stm32f4xx_hal_msp.o"
arm-none-eabi-gcc "../Core/Src/stm32f4xx_it.c" -mcpu=cortex-m4 -std=gnu11 -g3 -DDEBUG -DUSE_HAL_DRIVER -DSTM32F411xE -c -I../Core/Inc -I../Drivers/STM32F4xx_HAL_Driver/Inc -I../Drivers/STM32F4xx_HAL_Driver/Inc/Legacy -I../Drivers/CMSIS/Device/ST/STM32F4xx/Include -I../Drivers/CMSIS/Include -O0 -ffunction-sections -fdata-sections -Wall -fstack-usage -fcyclomatic-complexity -MMD -MP -MF"Core/Src/stm32f4xx_it.d" -MT"Core/Src/stm32f4xx_it.o" --specs=nano.specs -mfpu=fpv4-sp-d16 -mfloat-abi=hard -mthumb -o "Core/Src/stm32f4xx_it.o"
In file included from ../Core/Src/main.c:51:
../Core/Src/../../../myLib/myLib.c: In function '__io_putchar':
../Core/Src/../../../myLib/myLib.c:3:36: warning: passing argument 2 of 'HAL_UART_Transmit' from incompatible pointer type [-Wincompatible-pointer-types]
    3 |         HAL_UART_Transmit(&huart2, &c, 1, 10);
      |                                    ^~
      |                                    |
      |                                    int *
In file included from ../Core/Inc/stm32f4xx_hal_conf.h:411,
                 from ../Drivers/STM32F4xx_HAL_Driver/Inc/stm32f4xx_hal.h:29,
                 from ../Core/Inc/main.h:30,
                 from ../Core/Src/main.c:20:
../Drivers/STM32F4xx_HAL_Driver/Inc/stm32f4xx_hal_uart.h:722:79: note: expected 'const uint8_t *' {aka 'const unsigned char *'} but argument is of type 'int *'
  722 | HAL_StatusTypeDef HAL_UART_Transmit(UART_HandleTypeDef *huart, const uint8_t *pData, uint16_t Size, uint32_t Timeout);
      |                                                                ~~~~~~~~~~~~~~~^~~~~
../Core/Src/main.c: In function 'myDelay':
../Core/Src/main.c:71:25: warning: implicit declaration of function 'noOp' [-Wimplicit-function-declaration]
   71 |                         noOp();
      |                         ^~~~
../Core/Src/main.c: At top level:
../Core/Src/main.c:85:6: warning: conflicting types for 'noOp'; have 'void()'
   85 | void noOp() {}
      |      ^~~~
../Core/Src/main.c:71:25: note: previous implicit declaration of 'noOp' with type 'void()'
   71 |                         noOp();
      |                         ^~~~
../Core/Src/main.c: In function 'HAL_ADC_ConvCpltCallback':
../Core/Src/main.c:93:17: warning: implicit declaration of function 'printf' [-Wimplicit-function-declaration]
   93 |                 printf("X Value : %d\r\n", xValue);
      |                 ^~~~~~
../Core/Src/main.c:52:1: note: include '<stdio.h>' or provide a declaration of 'printf'
   51 | #include "../../../myLib/myLib.c"
  +++ |+#include <stdio.h>
   52 | /* USER CODE END PV */
../Core/Src/main.c:93:17: warning: incompatible implicit declaration of built-in function 'printf' [-Wbuiltin-declaration-mismatch]
   93 |                 printf("X Value : %d\r\n", xValue);
      |                 ^~~~~~
../Core/Src/main.c:93:17: note: include '<stdio.h>' or provide a declaration of 'printf'
../Core/Src/main.c: In function 'main':
../Core/Src/main.c:137:3: warning: incompatible implicit declaration of built-in function 'printf' [-Wbuiltin-declaration-mismatch]
  137 |   printf("\033[1J\033[1;1HProgram Restart....\r\n");
      |   ^~~~~~
../Core/Src/main.c:137:3: note: include '<stdio.h>' or provide a declaration of 'printf'
../Core/Src/main.c:140:29: warning: passing argument 2 of 'HAL_ADC_Start_DMA' from incompatible pointer type [-Wincompatible-pointer-types]
  140 |   HAL_ADC_Start_DMA(&hadc1, dValue, 2);
      |                             ^~~~~~
      |                             |
      |                             short int *
In file included from ../Core/Inc/stm32f4xx_hal_conf.h:295,
                 from ../Drivers/STM32F4xx_HAL_Driver/Inc/stm32f4xx_hal.h:29,
                 from ../Core/Inc/main.h:30,
                 from ../Core/Src/main.c:20:
../Drivers/STM32F4xx_HAL_Driver/Inc/stm32f4xx_hal_adc.h:594:72: note: expected 'uint32_t *' {aka 'long unsigned int *'} but argument is of type 'short int *'
  594 | HAL_StatusTypeDef HAL_ADC_Start_DMA(ADC_HandleTypeDef* hadc, uint32_t* pData, uint32_t Length);
      |                                                              ~~~~~~~~~~^~~~~
arm-none-eabi-gcc -o "Test02-ADC.elf" @"objects.list"   -mcpu=cortex-m4 -T"C:\Users\popo\STM32CubeIDE\workspace_1.13.1\Test02-ADC\STM32F411RETX_FLASH.ld" --specs=nosys.specs -Wl,-Map="Test02-ADC.map" -Wl,--gc-sections -static --specs=nano.specs -mfpu=fpv4-sp-d16 -mfloat-abi=hard -mthumb -Wl,--start-group -lc -lm -Wl,--end-group
Finished building target: Test02-ADC.elf
 
arm-none-eabi-size   Test02-ADC.elf 
arm-none-eabi-objdump -h -S  Test02-ADC.elf  > "Test02-ADC.list"
   text	   data	    bss	    dec	    hex	filename
  19528	    120	   2224	  21872	   5570	Test02-ADC.elf
Finished building: default.size.stdout
 
Finished building: Test02-ADC.list
 
16:34:56 **** Incremental Build of configuration Debug for project Test02-ADC ****
make -j4 all 
arm-none-eabi-gcc "../Core/Src/main.c" -mcpu=cortex-m4 -std=gnu11 -g3 -DDEBUG -DUSE_HAL_DRIVER -DSTM32F411xE -c -I../Core/Inc -I../Drivers/STM32F4xx_HAL_Driver/Inc -I../Drivers/STM32F4xx_HAL_Driver/Inc/Legacy -I../Drivers/CMSIS/Device/ST/STM32F4xx/Include -I../Drivers/CMSIS/Include -O0 -ffunction-sections -fdata-sections -Wall -fstack-usage -fcyclomatic-complexity -MMD -MP -MF"Core/Src/main.d" -MT"Core/Src/main.o" --specs=nano.specs -mfpu=fpv4-sp-d16 -mfloat-abi=hard -mthumb -o "Core/Src/main.o"
In file included from ../Core/Src/main.c:51:
../Core/Src/../../../myLib/myLib.c: In function '__io_putchar':
../Core/Src/../../../myLib/myLib.c:3:36: warning: passing argument 2 of 'HAL_UART_Transmit' from incompatible pointer type [-Wincompatible-pointer-types]
    3 |         HAL_UART_Transmit(&huart2, &c, 1, 10);
      |                                    ^~
      |                                    |
      |                                    int *
In file included from ../Core/Inc/stm32f4xx_hal_conf.h:411,
                 from ../Drivers/STM32F4xx_HAL_Driver/Inc/stm32f4xx_hal.h:29,
                 from ../Core/Inc/main.h:30,
                 from ../Core/Src/main.c:20:
../Drivers/STM32F4xx_HAL_Driver/Inc/stm32f4xx_hal_uart.h:722:79: note: expected 'const uint8_t *' {aka 'const unsigned char *'} but argument is of type 'int *'
  722 | HAL_StatusTypeDef HAL_UART_Transmit(UART_HandleTypeDef *huart, const uint8_t *pData, uint16_t Size, uint32_t Timeout);
      |                                                                ~~~~~~~~~~~~~~~^~~~~
../Core/Src/main.c: In function 'myDelay':
../Core/Src/main.c:71:25: warning: implicit declaration of function 'noOp' [-Wimplicit-function-declaration]
   71 |                         noOp();
      |                         ^~~~
../Core/Src/main.c: At top level:
../Core/Src/main.c:85:6: warning: conflicting types for 'noOp'; have 'void()'
   85 | void noOp() {}
      |      ^~~~
../Core/Src/main.c:71:25: note: previous implicit declaration of 'noOp' with type 'void()'
   71 |                         noOp();
      |                         ^~~~
../Core/Src/main.c: In function 'HAL_ADC_ConvCpltCallback':
../Core/Src/main.c:93:17: warning: implicit declaration of function 'printf' [-Wimplicit-function-declaration]
   93 |                 printf("(intr)X Value : %d\r\n", xValue);
      |                 ^~~~~~
../Core/Src/main.c:52:1: note: include '<stdio.h>' or provide a declaration of 'printf'
   51 | #include "../../../myLib/myLib.c"
  +++ |+#include <stdio.h>
   52 | /* USER CODE END PV */
../Core/Src/main.c:93:17: warning: incompatible implicit declaration of built-in function 'printf' [-Wbuiltin-declaration-mismatch]
   93 |                 printf("(intr)X Value : %d\r\n", xValue);
      |                 ^~~~~~
../Core/Src/main.c:93:17: note: include '<stdio.h>' or provide a declaration of 'printf'
../Core/Src/main.c: In function 'main':
../Core/Src/main.c:136:3: warning: incompatible implicit declaration of built-in function 'printf' [-Wbuiltin-declaration-mismatch]
  136 |   printf("\033[1J\033[1;1HProgram Restart....\r\n");
      |   ^~~~~~
../Core/Src/main.c:136:3: note: include '<stdio.h>' or provide a declaration of 'printf'
../Core/Src/main.c:140:29: warning: passing argument 2 of 'HAL_ADC_Start_DMA' from incompatible pointer type [-Wincompatible-pointer-types]
  140 |   HAL_ADC_Start_DMA(&hadc1, (int *)dValue, 2);
      |                             ^~~~~~~~~~~~~
      |                             |
      |                             int *
In file included from ../Core/Inc/stm32f4xx_hal_conf.h:295,
                 from ../Drivers/STM32F4xx_HAL_Driver/Inc/stm32f4xx_hal.h:29,
                 from ../Core/Inc/main.h:30,
                 from ../Core/Src/main.c:20:
../Drivers/STM32F4xx_HAL_Driver/Inc/stm32f4xx_hal_adc.h:594:72: note: expected 'uint32_t *' {aka 'long unsigned int *'} but argument is of type 'int *'
  594 | HAL_StatusTypeDef HAL_ADC_Start_DMA(ADC_HandleTypeDef* hadc, uint32_t* pData, uint32_t Length);
      |                                                              ~~~~~~~~~~^~~~~
arm-none-eabi-gcc -o "Test02-ADC.elf" @"objects.list"   -mcpu=cortex-m4 -T"C:\Users\popo\STM32CubeIDE\workspace_1.13.1\Test02-ADC\STM32F411RETX_FLASH.ld" --specs=nosys.specs -Wl,-Map="Test02-ADC.map" -Wl,--gc-sections -static --specs=nano.specs -mfpu=fpv4-sp-d16 -mfloat-abi=hard -mthumb -Wl,--start-group -lc -lm -Wl,--end-group
Finished building target: Test02-ADC.elf
 
arm-none-eabi-size   Test02-ADC.elf 
arm-none-eabi-objdump -h -S  Test02-ADC.elf  > "Test02-ADC.list"
   text	   data	    bss	    dec	    hex	filename
  19788	    120	   2224	  22132	   5674	Test02-ADC.elf
Finished building: default.size.stdout
 
Finished building: Test02-ADC.list
 
16:37:30 **** Incremental Build of configuration Debug for project Test02-ADC ****
make -j4 all 
arm-none-eabi-gcc "../Core/Src/main.c" -mcpu=cortex-m4 -std=gnu11 -g3 -DDEBUG -DUSE_HAL_DRIVER -DSTM32F411xE -c -I../Core/Inc -I../Drivers/STM32F4xx_HAL_Driver/Inc -I../Drivers/STM32F4xx_HAL_Driver/Inc/Legacy -I../Drivers/CMSIS/Device/ST/STM32F4xx/Include -I../Drivers/CMSIS/Include -O0 -ffunction-sections -fdata-sections -Wall -fstack-usage -fcyclomatic-complexity -MMD -MP -MF"Core/Src/main.d" -MT"Core/Src/main.o" --specs=nano.specs -mfpu=fpv4-sp-d16 -mfloat-abi=hard -mthumb -o "Core/Src/main.o"
In file included from ../Core/Src/main.c:51:
../Core/Src/../../../myLib/myLib.c: In function '__io_putchar':
../Core/Src/../../../myLib/myLib.c:3:36: warning: passing argument 2 of 'HAL_UART_Transmit' from incompatible pointer type [-Wincompatible-pointer-types]
    3 |         HAL_UART_Transmit(&huart2, &c, 1, 10);
      |                                    ^~
      |                                    |
      |                                    int *
In file included from ../Core/Inc/stm32f4xx_hal_conf.h:411,
                 from ../Drivers/STM32F4xx_HAL_Driver/Inc/stm32f4xx_hal.h:29,
                 from ../Core/Inc/main.h:30,
                 from ../Core/Src/main.c:20:
../Drivers/STM32F4xx_HAL_Driver/Inc/stm32f4xx_hal_uart.h:722:79: note: expected 'const uint8_t *' {aka 'const unsigned char *'} but argument is of type 'int *'
  722 | HAL_StatusTypeDef HAL_UART_Transmit(UART_HandleTypeDef *huart, const uint8_t *pData, uint16_t Size, uint32_t Timeout);
      |                                                                ~~~~~~~~~~~~~~~^~~~~
../Core/Src/main.c: In function 'myDelay':
../Core/Src/main.c:71:25: warning: implicit declaration of function 'noOp' [-Wimplicit-function-declaration]
   71 |                         noOp();
      |                         ^~~~
../Core/Src/main.c: At top level:
../Core/Src/main.c:85:6: warning: conflicting types for 'noOp'; have 'void()'
   85 | void noOp() {}
      |      ^~~~
../Core/Src/main.c:71:25: note: previous implicit declaration of 'noOp' with type 'void()'
   71 |                         noOp();
      |                         ^~~~
../Core/Src/main.c: In function 'HAL_ADC_ConvCpltCallback':
../Core/Src/main.c:93:17: warning: implicit declaration of function 'printf' [-Wimplicit-function-declaration]
   93 |                 printf("(intr)X Value : %d\r\n", xValue);
      |                 ^~~~~~
../Core/Src/main.c:52:1: note: include '<stdio.h>' or provide a declaration of 'printf'
   51 | #include "../../../myLib/myLib.c"
  +++ |+#include <stdio.h>
   52 | /* USER CODE END PV */
../Core/Src/main.c:93:17: warning: incompatible implicit declaration of built-in function 'printf' [-Wbuiltin-declaration-mismatch]
   93 |                 printf("(intr)X Value : %d\r\n", xValue);
      |                 ^~~~~~
../Core/Src/main.c:93:17: note: include '<stdio.h>' or provide a declaration of 'printf'
../Core/Src/main.c: In function 'main':
../Core/Src/main.c:136:3: warning: incompatible implicit declaration of built-in function 'printf' [-Wbuiltin-declaration-mismatch]
  136 |   printf("\033[1J\033[1;1HProgram Restart....\r\n");
      |   ^~~~~~
../Core/Src/main.c:136:3: note: include '<stdio.h>' or provide a declaration of 'printf'
../Core/Src/main.c:140:29: warning: passing argument 2 of 'HAL_ADC_Start_DMA' from incompatible pointer type [-Wincompatible-pointer-types]
  140 |   HAL_ADC_Start_DMA(&hadc1, (int *)dValue, 2);
      |                             ^~~~~~~~~~~~~
      |                             |
      |                             int *
In file included from ../Core/Inc/stm32f4xx_hal_conf.h:295,
                 from ../Drivers/STM32F4xx_HAL_Driver/Inc/stm32f4xx_hal.h:29,
                 from ../Core/Inc/main.h:30,
                 from ../Core/Src/main.c:20:
../Drivers/STM32F4xx_HAL_Driver/Inc/stm32f4xx_hal_adc.h:594:72: note: expected 'uint32_t *' {aka 'long unsigned int *'} but argument is of type 'int *'
  594 | HAL_StatusTypeDef HAL_ADC_Start_DMA(ADC_HandleTypeDef* hadc, uint32_t* pData, uint32_t Length);
      |                                                              ~~~~~~~~~~^~~~~
arm-none-eabi-gcc -o "Test02-ADC.elf" @"objects.list"   -mcpu=cortex-m4 -T"C:\Users\popo\STM32CubeIDE\workspace_1.13.1\Test02-ADC\STM32F411RETX_FLASH.ld" --specs=nosys.specs -Wl,-Map="Test02-ADC.map" -Wl,--gc-sections -static --specs=nano.specs -mfpu=fpv4-sp-d16 -mfloat-abi=hard -mthumb -Wl,--start-group -lc -lm -Wl,--end-group
Finished building target: Test02-ADC.elf
 
arm-none-eabi-size   Test02-ADC.elf 
arm-none-eabi-objdump -h -S  Test02-ADC.elf  > "Test02-ADC.list"
   text	   data	    bss	    dec	    hex	filename
  19788	    120	   2224	  22132	   5674	Test02-ADC.elf
Finished building: default.size.stdout
 
Finished building: Test02-ADC.list
 
16:38:53 **** Incremental Build of configuration Debug for project Test02-ADC ****
make -j4 all 
arm-none-eabi-gcc "../Core/Src/main.c" -mcpu=cortex-m4 -std=gnu11 -g3 -DDEBUG -DUSE_HAL_DRIVER -DSTM32F411xE -c -I../Core/Inc -I../Drivers/STM32F4xx_HAL_Driver/Inc -I../Drivers/STM32F4xx_HAL_Driver/Inc/Legacy -I../Drivers/CMSIS/Device/ST/STM32F4xx/Include -I../Drivers/CMSIS/Include -O0 -ffunction-sections -fdata-sections -Wall -fstack-usage -fcyclomatic-complexity -MMD -MP -MF"Core/Src/main.d" -MT"Core/Src/main.o" --specs=nano.specs -mfpu=fpv4-sp-d16 -mfloat-abi=hard -mthumb -o "Core/Src/main.o"
In file included from ../Core/Src/main.c:51:
../Core/Src/../../../myLib/myLib.c: In function '__io_putchar':
../Core/Src/../../../myLib/myLib.c:3:36: warning: passing argument 2 of 'HAL_UART_Transmit' from incompatible pointer type [-Wincompatible-pointer-types]
    3 |         HAL_UART_Transmit(&huart2, &c, 1, 10);
      |                                    ^~
      |                                    |
      |                                    int *
In file included from ../Core/Inc/stm32f4xx_hal_conf.h:411,
                 from ../Drivers/STM32F4xx_HAL_Driver/Inc/stm32f4xx_hal.h:29,
                 from ../Core/Inc/main.h:30,
                 from ../Core/Src/main.c:20:
../Drivers/STM32F4xx_HAL_Driver/Inc/stm32f4xx_hal_uart.h:722:79: note: expected 'const uint8_t *' {aka 'const unsigned char *'} but argument is of type 'int *'
  722 | HAL_StatusTypeDef HAL_UART_Transmit(UART_HandleTypeDef *huart, const uint8_t *pData, uint16_t Size, uint32_t Timeout);
      |                                                                ~~~~~~~~~~~~~~~^~~~~
../Core/Src/main.c: In function 'myDelay':
../Core/Src/main.c:71:25: warning: implicit declaration of function 'noOp' [-Wimplicit-function-declaration]
   71 |                         noOp();
      |                         ^~~~
../Core/Src/main.c: At top level:
../Core/Src/main.c:85:6: warning: conflicting types for 'noOp'; have 'void()'
   85 | void noOp() {}
      |      ^~~~
../Core/Src/main.c:71:25: note: previous implicit declaration of 'noOp' with type 'void()'
   71 |                         noOp();
      |                         ^~~~
../Core/Src/main.c: In function 'HAL_ADC_ConvCpltCallback':
../Core/Src/main.c:93:17: warning: implicit declaration of function 'printf' [-Wimplicit-function-declaration]
   93 |                 printf("(intr)X Value : %d\r\n", xValue);
      |                 ^~~~~~
../Core/Src/main.c:52:1: note: include '<stdio.h>' or provide a declaration of 'printf'
   51 | #include "../../../myLib/myLib.c"
  +++ |+#include <stdio.h>
   52 | /* USER CODE END PV */
../Core/Src/main.c:93:17: warning: incompatible implicit declaration of built-in function 'printf' [-Wbuiltin-declaration-mismatch]
   93 |                 printf("(intr)X Value : %d\r\n", xValue);
      |                 ^~~~~~
../Core/Src/main.c:93:17: note: include '<stdio.h>' or provide a declaration of 'printf'
../Core/Src/main.c: In function 'main':
../Core/Src/main.c:136:3: warning: incompatible implicit declaration of built-in function 'printf' [-Wbuiltin-declaration-mismatch]
  136 |   printf("\033[1J\033[1;1HProgram Restart....\r\n");
      |   ^~~~~~
../Core/Src/main.c:136:3: note: include '<stdio.h>' or provide a declaration of 'printf'
../Core/Src/main.c:140:29: warning: passing argument 2 of 'HAL_ADC_Start_DMA' from incompatible pointer type [-Wincompatible-pointer-types]
  140 |   HAL_ADC_Start_DMA(&hadc1, (int *)dValue, 2);
      |                             ^~~~~~~~~~~~~
      |                             |
      |                             int *
In file included from ../Core/Inc/stm32f4xx_hal_conf.h:295,
                 from ../Drivers/STM32F4xx_HAL_Driver/Inc/stm32f4xx_hal.h:29,
                 from ../Core/Inc/main.h:30,
                 from ../Core/Src/main.c:20:
../Drivers/STM32F4xx_HAL_Driver/Inc/stm32f4xx_hal_adc.h:594:72: note: expected 'uint32_t *' {aka 'long unsigned int *'} but argument is of type 'int *'
  594 | HAL_StatusTypeDef HAL_ADC_Start_DMA(ADC_HandleTypeDef* hadc, uint32_t* pData, uint32_t Length);
      |                                                              ~~~~~~~~~~^~~~~
arm-none-eabi-gcc -o "Test02-ADC.elf" @"objects.list"   -mcpu=cortex-m4 -T"C:\Users\popo\STM32CubeIDE\workspace_1.13.1\Test02-ADC\STM32F411RETX_FLASH.ld" --specs=nosys.specs -Wl,-Map="Test02-ADC.map" -Wl,--gc-sections -static --specs=nano.specs -mfpu=fpv4-sp-d16 -mfloat-abi=hard -mthumb -Wl,--start-group -lc -lm -Wl,--end-group
Finished building target: Test02-ADC.elf
 
arm-none-eabi-size   Test02-ADC.elf 
arm-none-eabi-objdump -h -S  Test02-ADC.elf  > "Test02-ADC.list"
   text	   data	    bss	    dec	    hex	filename
  19400	    120	   2224	  21744	   54f0	Test02-ADC.elf
Finished building: default.size.stdout
 
Finished building: Test02-ADC.list
 
16:41:04 **** Incremental Build of configuration Debug for project Test02-ADC ****
make -j4 all 
arm-none-eabi-gcc "../Core/Src/main.c" -mcpu=cortex-m4 -std=gnu11 -g3 -DDEBUG -DUSE_HAL_DRIVER -DSTM32F411xE -c -I../Core/Inc -I../Drivers/STM32F4xx_HAL_Driver/Inc -I../Drivers/STM32F4xx_HAL_Driver/Inc/Legacy -I../Drivers/CMSIS/Device/ST/STM32F4xx/Include -I../Drivers/CMSIS/Include -O0 -ffunction-sections -fdata-sections -Wall -fstack-usage -fcyclomatic-complexity -MMD -MP -MF"Core/Src/main.d" -MT"Core/Src/main.o" --specs=nano.specs -mfpu=fpv4-sp-d16 -mfloat-abi=hard -mthumb -o "Core/Src/main.o"
In file included from ../Core/Src/main.c:51:
../Core/Src/../../../myLib/myLib.c: In function '__io_putchar':
../Core/Src/../../../myLib/myLib.c:3:36: warning: passing argument 2 of 'HAL_UART_Transmit' from incompatible pointer type [-Wincompatible-pointer-types]
    3 |         HAL_UART_Transmit(&huart2, &c, 1, 10);
      |                                    ^~
      |                                    |
      |                                    int *
In file included from ../Core/Inc/stm32f4xx_hal_conf.h:411,
                 from ../Drivers/STM32F4xx_HAL_Driver/Inc/stm32f4xx_hal.h:29,
                 from ../Core/Inc/main.h:30,
                 from ../Core/Src/main.c:20:
../Drivers/STM32F4xx_HAL_Driver/Inc/stm32f4xx_hal_uart.h:722:79: note: expected 'const uint8_t *' {aka 'const unsigned char *'} but argument is of type 'int *'
  722 | HAL_StatusTypeDef HAL_UART_Transmit(UART_HandleTypeDef *huart, const uint8_t *pData, uint16_t Size, uint32_t Timeout);
      |                                                                ~~~~~~~~~~~~~~~^~~~~
../Core/Src/main.c: In function 'myDelay':
../Core/Src/main.c:71:25: warning: implicit declaration of function 'noOp' [-Wimplicit-function-declaration]
   71 |                         noOp();
      |                         ^~~~
../Core/Src/main.c: At top level:
../Core/Src/main.c:85:6: warning: conflicting types for 'noOp'; have 'void()'
   85 | void noOp() {}
      |      ^~~~
../Core/Src/main.c:71:25: note: previous implicit declaration of 'noOp' with type 'void()'
   71 |                         noOp();
      |                         ^~~~
../Core/Src/main.c: In function 'main':
../Core/Src/main.c:136:3: warning: implicit declaration of function 'printf' [-Wimplicit-function-declaration]
  136 |   printf("\033[1J\033[1;1HProgram Restart....\r\n");
      |   ^~~~~~
../Core/Src/main.c:52:1: note: include '<stdio.h>' or provide a declaration of 'printf'
   51 | #include "../../../myLib/myLib.c"
  +++ |+#include <stdio.h>
   52 | /* USER CODE END PV */
../Core/Src/main.c:136:3: warning: incompatible implicit declaration of built-in function 'printf' [-Wbuiltin-declaration-mismatch]
  136 |   printf("\033[1J\033[1;1HProgram Restart....\r\n");
      |   ^~~~~~
../Core/Src/main.c:136:3: note: include '<stdio.h>' or provide a declaration of 'printf'
../Core/Src/main.c:140:29: warning: passing argument 2 of 'HAL_ADC_Start_DMA' from incompatible pointer type [-Wincompatible-pointer-types]
  140 |   HAL_ADC_Start_DMA(&hadc1, (int *)dValue, 2);
      |                             ^~~~~~~~~~~~~
      |                             |
      |                             int *
In file included from ../Core/Inc/stm32f4xx_hal_conf.h:295,
                 from ../Drivers/STM32F4xx_HAL_Driver/Inc/stm32f4xx_hal.h:29,
                 from ../Core/Inc/main.h:30,
                 from ../Core/Src/main.c:20:
../Drivers/STM32F4xx_HAL_Driver/Inc/stm32f4xx_hal_adc.h:594:72: note: expected 'uint32_t *' {aka 'long unsigned int *'} but argument is of type 'int *'
  594 | HAL_StatusTypeDef HAL_ADC_Start_DMA(ADC_HandleTypeDef* hadc, uint32_t* pData, uint32_t Length);
      |                                                              ~~~~~~~~~~^~~~~
arm-none-eabi-gcc -o "Test02-ADC.elf" @"objects.list"   -mcpu=cortex-m4 -T"C:\Users\popo\STM32CubeIDE\workspace_1.13.1\Test02-ADC\STM32F411RETX_FLASH.ld" --specs=nosys.specs -Wl,-Map="Test02-ADC.map" -Wl,--gc-sections -static --specs=nano.specs -mfpu=fpv4-sp-d16 -mfloat-abi=hard -mthumb -Wl,--start-group -lc -lm -Wl,--end-group
Finished building target: Test02-ADC.elf
 
arm-none-eabi-size   Test02-ADC.elf 
arm-none-eabi-objdump -h -S  Test02-ADC.elf  > "Test02-ADC.list"
   text	   data	    bss	    dec	    hex	filename
  19096	    112	   2216	  21424	   53b0	Test02-ADC.elf
Finished building: default.size.stdout
 
Finished building: Test02-ADC.list
 
16:48:22 **** Incremental Build of configuration Debug for project Test02-ADC ****
make -j4 all 
arm-none-eabi-gcc "../Core/Src/main.c" -mcpu=cortex-m4 -std=gnu11 -g3 -DDEBUG -DUSE_HAL_DRIVER -DSTM32F411xE -c -I../Core/Inc -I../Drivers/STM32F4xx_HAL_Driver/Inc -I../Drivers/STM32F4xx_HAL_Driver/Inc/Legacy -I../Drivers/CMSIS/Device/ST/STM32F4xx/Include -I../Drivers/CMSIS/Include -O0 -ffunction-sections -fdata-sections -Wall -fstack-usage -fcyclomatic-complexity -MMD -MP -MF"Core/Src/main.d" -MT"Core/Src/main.o" --specs=nano.specs -mfpu=fpv4-sp-d16 -mfloat-abi=hard -mthumb -o "Core/Src/main.o"
In file included from ../Core/Src/main.c:51:
../Core/Src/../../../myLib/myLib.c: In function '__io_putchar':
../Core/Src/../../../myLib/myLib.c:3:36: warning: passing argument 2 of 'HAL_UART_Transmit' from incompatible pointer type [-Wincompatible-pointer-types]
    3 |         HAL_UART_Transmit(&huart2, &c, 1, 10);
      |                                    ^~
      |                                    |
      |                                    int *
In file included from ../Core/Inc/stm32f4xx_hal_conf.h:411,
                 from ../Drivers/STM32F4xx_HAL_Driver/Inc/stm32f4xx_hal.h:29,
                 from ../Core/Inc/main.h:30,
                 from ../Core/Src/main.c:20:
../Drivers/STM32F4xx_HAL_Driver/Inc/stm32f4xx_hal_uart.h:722:79: note: expected 'const uint8_t *' {aka 'const unsigned char *'} but argument is of type 'int *'
  722 | HAL_StatusTypeDef HAL_UART_Transmit(UART_HandleTypeDef *huart, const uint8_t *pData, uint16_t Size, uint32_t Timeout);
      |                                                                ~~~~~~~~~~~~~~~^~~~~
../Core/Src/main.c: In function 'myDelay':
../Core/Src/main.c:71:25: warning: implicit declaration of function 'noOp' [-Wimplicit-function-declaration]
   71 |                         noOp();
      |                         ^~~~
../Core/Src/main.c: At top level:
../Core/Src/main.c:85:6: warning: conflicting types for 'noOp'; have 'void()'
   85 | void noOp() {}
      |      ^~~~
../Core/Src/main.c:71:25: note: previous implicit declaration of 'noOp' with type 'void()'
   71 |                         noOp();
      |                         ^~~~
../Core/Src/main.c: In function 'main':
../Core/Src/main.c:136:3: warning: implicit declaration of function 'printf' [-Wimplicit-function-declaration]
  136 |   printf("\033[1J\033[1;1HProgram Restart....\r\n");
      |   ^~~~~~
../Core/Src/main.c:52:1: note: include '<stdio.h>' or provide a declaration of 'printf'
   51 | #include "../../../myLib/myLib.c"
  +++ |+#include <stdio.h>
   52 | /* USER CODE END PV */
../Core/Src/main.c:136:3: warning: incompatible implicit declaration of built-in function 'printf' [-Wbuiltin-declaration-mismatch]
  136 |   printf("\033[1J\033[1;1HProgram Restart....\r\n");
      |   ^~~~~~
../Core/Src/main.c:136:3: note: include '<stdio.h>' or provide a declaration of 'printf'
../Core/Src/main.c:140:29: warning: passing argument 2 of 'HAL_ADC_Start_DMA' from incompatible pointer type [-Wincompatible-pointer-types]
  140 |   HAL_ADC_Start_DMA(&hadc1, (int *)dValue, 2);
      |                             ^~~~~~~~~~~~~
      |                             |
      |                             int *
In file included from ../Core/Inc/stm32f4xx_hal_conf.h:295,
                 from ../Drivers/STM32F4xx_HAL_Driver/Inc/stm32f4xx_hal.h:29,
                 from ../Core/Inc/main.h:30,
                 from ../Core/Src/main.c:20:
../Drivers/STM32F4xx_HAL_Driver/Inc/stm32f4xx_hal_adc.h:594:72: note: expected 'uint32_t *' {aka 'long unsigned int *'} but argument is of type 'int *'
  594 | HAL_StatusTypeDef HAL_ADC_Start_DMA(ADC_HandleTypeDef* hadc, uint32_t* pData, uint32_t Length);
      |                                                              ~~~~~~~~~~^~~~~
arm-none-eabi-gcc -o "Test02-ADC.elf" @"objects.list"   -mcpu=cortex-m4 -T"C:\Users\popo\STM32CubeIDE\workspace_1.13.1\Test02-ADC\STM32F411RETX_FLASH.ld" --specs=nosys.specs -Wl,-Map="Test02-ADC.map" -Wl,--gc-sections -static --specs=nano.specs -mfpu=fpv4-sp-d16 -mfloat-abi=hard -mthumb -Wl,--start-group -lc -lm -Wl,--end-group
Finished building target: Test02-ADC.elf
 
arm-none-eabi-size   Test02-ADC.elf 
arm-none-eabi-objdump -h -S  Test02-ADC.elf  > "Test02-ADC.list"
   text	   data	    bss	    dec	    hex	filename
  19096	    112	   2216	  21424	   53b0	Test02-ADC.elf
Finished building: default.size.stdout
 
Finished building: Test02-ADC.list
 
11:32:30 **** Build of configuration Debug for project Test03-RTOS ****
make -j4 all 
arm-none-eabi-gcc "../Middlewares/Third_Party/FreeRTOS/Source/portable/MemMang/heap_4.c" -mcpu=cortex-m4 -std=gnu11 -g3 -DDEBUG -DUSE_HAL_DRIVER -DSTM32F411xE -c -I../Core/Inc -I../Drivers/STM32F4xx_HAL_Driver/Inc -I../Drivers/STM32F4xx_HAL_Driver/Inc/Legacy -I../Drivers/CMSIS/Device/ST/STM32F4xx/Include -I../Drivers/CMSIS/Include -I../Middlewares/Third_Party/FreeRTOS/Source/include -I../Middlewares/Third_Party/FreeRTOS/Source/CMSIS_RTOS -I../Middlewares/Third_Party/FreeRTOS/Source/portable/GCC/ARM_CM4F -O0 -ffunction-sections -fdata-sections -Wall -fstack-usage -fcyclomatic-complexity -MMD -MP -MF"Middlewares/Third_Party/FreeRTOS/Source/portable/MemMang/heap_4.d" -MT"Middlewares/Third_Party/FreeRTOS/Source/portable/MemMang/heap_4.o" --specs=nano.specs -mfpu=fpv4-sp-d16 -mfloat-abi=hard -mthumb -o "Middlewares/Third_Party/FreeRTOS/Source/portable/MemMang/heap_4.o"
arm-none-eabi-gcc "../Middlewares/Third_Party/FreeRTOS/Source/portable/GCC/ARM_CM4F/port.c" -mcpu=cortex-m4 -std=gnu11 -g3 -DDEBUG -DUSE_HAL_DRIVER -DSTM32F411xE -c -I../Core/Inc -I../Drivers/STM32F4xx_HAL_Driver/Inc -I../Drivers/STM32F4xx_HAL_Driver/Inc/Legacy -I../Drivers/CMSIS/Device/ST/STM32F4xx/Include -I../Drivers/CMSIS/Include -I../Middlewares/Third_Party/FreeRTOS/Source/include -I../Middlewares/Third_Party/FreeRTOS/Source/CMSIS_RTOS -I../Middlewares/Third_Party/FreeRTOS/Source/portable/GCC/ARM_CM4F -O0 -ffunction-sections -fdata-sections -Wall -fstack-usage -fcyclomatic-complexity -MMD -MP -MF"Middlewares/Third_Party/FreeRTOS/Source/portable/GCC/ARM_CM4F/port.d" -MT"Middlewares/Third_Party/FreeRTOS/Source/portable/GCC/ARM_CM4F/port.o" --specs=nano.specs -mfpu=fpv4-sp-d16 -mfloat-abi=hard -mthumb -o "Middlewares/Third_Party/FreeRTOS/Source/portable/GCC/ARM_CM4F/port.o"
arm-none-eabi-gcc "../Middlewares/Third_Party/FreeRTOS/Source/CMSIS_RTOS/cmsis_os.c" -mcpu=cortex-m4 -std=gnu11 -g3 -DDEBUG -DUSE_HAL_DRIVER -DSTM32F411xE -c -I../Core/Inc -I../Drivers/STM32F4xx_HAL_Driver/Inc -I../Drivers/STM32F4xx_HAL_Driver/Inc/Legacy -I../Drivers/CMSIS/Device/ST/STM32F4xx/Include -I../Drivers/CMSIS/Include -I../Middlewares/Third_Party/FreeRTOS/Source/include -I../Middlewares/Third_Party/FreeRTOS/Source/CMSIS_RTOS -I../Middlewares/Third_Party/FreeRTOS/Source/portable/GCC/ARM_CM4F -O0 -ffunction-sections -fdata-sections -Wall -fstack-usage -fcyclomatic-complexity -MMD -MP -MF"Middlewares/Third_Party/FreeRTOS/Source/CMSIS_RTOS/cmsis_os.d" -MT"Middlewares/Third_Party/FreeRTOS/Source/CMSIS_RTOS/cmsis_os.o" --specs=nano.specs -mfpu=fpv4-sp-d16 -mfloat-abi=hard -mthumb -o "Middlewares/Third_Party/FreeRTOS/Source/CMSIS_RTOS/cmsis_os.o"
arm-none-eabi-gcc "../Middlewares/Third_Party/FreeRTOS/Source/croutine.c" -mcpu=cortex-m4 -std=gnu11 -g3 -DDEBUG -DUSE_HAL_DRIVER -DSTM32F411xE -c -I../Core/Inc -I../Drivers/STM32F4xx_HAL_Driver/Inc -I../Drivers/STM32F4xx_HAL_Driver/Inc/Legacy -I../Drivers/CMSIS/Device/ST/STM32F4xx/Include -I../Drivers/CMSIS/Include -I../Middlewares/Third_Party/FreeRTOS/Source/include -I../Middlewares/Third_Party/FreeRTOS/Source/CMSIS_RTOS -I../Middlewares/Third_Party/FreeRTOS/Source/portable/GCC/ARM_CM4F -O0 -ffunction-sections -fdata-sections -Wall -fstack-usage -fcyclomatic-complexity -MMD -MP -MF"Middlewares/Third_Party/FreeRTOS/Source/croutine.d" -MT"Middlewares/Third_Party/FreeRTOS/Source/croutine.o" --specs=nano.specs -mfpu=fpv4-sp-d16 -mfloat-abi=hard -mthumb -o "Middlewares/Third_Party/FreeRTOS/Source/croutine.o"
arm-none-eabi-gcc "../Middlewares/Third_Party/FreeRTOS/Source/event_groups.c" -mcpu=cortex-m4 -std=gnu11 -g3 -DDEBUG -DUSE_HAL_DRIVER -DSTM32F411xE -c -I../Core/Inc -I../Drivers/STM32F4xx_HAL_Driver/Inc -I../Drivers/STM32F4xx_HAL_Driver/Inc/Legacy -I../Drivers/CMSIS/Device/ST/STM32F4xx/Include -I../Drivers/CMSIS/Include -I../Middlewares/Third_Party/FreeRTOS/Source/include -I../Middlewares/Third_Party/FreeRTOS/Source/CMSIS_RTOS -I../Middlewares/Third_Party/FreeRTOS/Source/portable/GCC/ARM_CM4F -O0 -ffunction-sections -fdata-sections -Wall -fstack-usage -fcyclomatic-complexity -MMD -MP -MF"Middlewares/Third_Party/FreeRTOS/Source/event_groups.d" -MT"Middlewares/Third_Party/FreeRTOS/Source/event_groups.o" --specs=nano.specs -mfpu=fpv4-sp-d16 -mfloat-abi=hard -mthumb -o "Middlewares/Third_Party/FreeRTOS/Source/event_groups.o"
arm-none-eabi-gcc "../Middlewares/Third_Party/FreeRTOS/Source/list.c" -mcpu=cortex-m4 -std=gnu11 -g3 -DDEBUG -DUSE_HAL_DRIVER -DSTM32F411xE -c -I../Core/Inc -I../Drivers/STM32F4xx_HAL_Driver/Inc -I../Drivers/STM32F4xx_HAL_Driver/Inc/Legacy -I../Drivers/CMSIS/Device/ST/STM32F4xx/Include -I../Drivers/CMSIS/Include -I../Middlewares/Third_Party/FreeRTOS/Source/include -I../Middlewares/Third_Party/FreeRTOS/Source/CMSIS_RTOS -I../Middlewares/Third_Party/FreeRTOS/Source/portable/GCC/ARM_CM4F -O0 -ffunction-sections -fdata-sections -Wall -fstack-usage -fcyclomatic-complexity -MMD -MP -MF"Middlewares/Third_Party/FreeRTOS/Source/list.d" -MT"Middlewares/Third_Party/FreeRTOS/Source/list.o" --specs=nano.specs -mfpu=fpv4-sp-d16 -mfloat-abi=hard -mthumb -o "Middlewares/Third_Party/FreeRTOS/Source/list.o"
arm-none-eabi-gcc "../Middlewares/Third_Party/FreeRTOS/Source/queue.c" -mcpu=cortex-m4 -std=gnu11 -g3 -DDEBUG -DUSE_HAL_DRIVER -DSTM32F411xE -c -I../Core/Inc -I../Drivers/STM32F4xx_HAL_Driver/Inc -I../Drivers/STM32F4xx_HAL_Driver/Inc/Legacy -I../Drivers/CMSIS/Device/ST/STM32F4xx/Include -I../Drivers/CMSIS/Include -I../Middlewares/Third_Party/FreeRTOS/Source/include -I../Middlewares/Third_Party/FreeRTOS/Source/CMSIS_RTOS -I../Middlewares/Third_Party/FreeRTOS/Source/portable/GCC/ARM_CM4F -O0 -ffunction-sections -fdata-sections -Wall -fstack-usage -fcyclomatic-complexity -MMD -MP -MF"Middlewares/Third_Party/FreeRTOS/Source/queue.d" -MT"Middlewares/Third_Party/FreeRTOS/Source/queue.o" --specs=nano.specs -mfpu=fpv4-sp-d16 -mfloat-abi=hard -mthumb -o "Middlewares/Third_Party/FreeRTOS/Source/queue.o"
arm-none-eabi-gcc "../Middlewares/Third_Party/FreeRTOS/Source/stream_buffer.c" -mcpu=cortex-m4 -std=gnu11 -g3 -DDEBUG -DUSE_HAL_DRIVER -DSTM32F411xE -c -I../Core/Inc -I../Drivers/STM32F4xx_HAL_Driver/Inc -I../Drivers/STM32F4xx_HAL_Driver/Inc/Legacy -I../Drivers/CMSIS/Device/ST/STM32F4xx/Include -I../Drivers/CMSIS/Include -I../Middlewares/Third_Party/FreeRTOS/Source/include -I../Middlewares/Third_Party/FreeRTOS/Source/CMSIS_RTOS -I../Middlewares/Third_Party/FreeRTOS/Source/portable/GCC/ARM_CM4F -O0 -ffunction-sections -fdata-sections -Wall -fstack-usage -fcyclomatic-complexity -MMD -MP -MF"Middlewares/Third_Party/FreeRTOS/Source/stream_buffer.d" -MT"Middlewares/Third_Party/FreeRTOS/Source/stream_buffer.o" --specs=nano.specs -mfpu=fpv4-sp-d16 -mfloat-abi=hard -mthumb -o "Middlewares/Third_Party/FreeRTOS/Source/stream_buffer.o"
arm-none-eabi-gcc "../Middlewares/Third_Party/FreeRTOS/Source/tasks.c" -mcpu=cortex-m4 -std=gnu11 -g3 -DDEBUG -DUSE_HAL_DRIVER -DSTM32F411xE -c -I../Core/Inc -I../Drivers/STM32F4xx_HAL_Driver/Inc -I../Drivers/STM32F4xx_HAL_Driver/Inc/Legacy -I../Drivers/CMSIS/Device/ST/STM32F4xx/Include -I../Drivers/CMSIS/Include -I../Middlewares/Third_Party/FreeRTOS/Source/include -I../Middlewares/Third_Party/FreeRTOS/Source/CMSIS_RTOS -I../Middlewares/Third_Party/FreeRTOS/Source/portable/GCC/ARM_CM4F -O0 -ffunction-sections -fdata-sections -Wall -fstack-usage -fcyclomatic-complexity -MMD -MP -MF"Middlewares/Third_Party/FreeRTOS/Source/tasks.d" -MT"Middlewares/Third_Party/FreeRTOS/Source/tasks.o" --specs=nano.specs -mfpu=fpv4-sp-d16 -mfloat-abi=hard -mthumb -o "Middlewares/Third_Party/FreeRTOS/Source/tasks.o"
arm-none-eabi-gcc "../Middlewares/Third_Party/FreeRTOS/Source/timers.c" -mcpu=cortex-m4 -std=gnu11 -g3 -DDEBUG -DUSE_HAL_DRIVER -DSTM32F411xE -c -I../Core/Inc -I../Drivers/STM32F4xx_HAL_Driver/Inc -I../Drivers/STM32F4xx_HAL_Driver/Inc/Legacy -I../Drivers/CMSIS/Device/ST/STM32F4xx/Include -I../Drivers/CMSIS/Include -I../Middlewares/Third_Party/FreeRTOS/Source/include -I../Middlewares/Third_Party/FreeRTOS/Source/CMSIS_RTOS -I../Middlewares/Third_Party/FreeRTOS/Source/portable/GCC/ARM_CM4F -O0 -ffunction-sections -fdata-sections -Wall -fstack-usage -fcyclomatic-complexity -MMD -MP -MF"Middlewares/Third_Party/FreeRTOS/Source/timers.d" -MT"Middlewares/Third_Party/FreeRTOS/Source/timers.o" --specs=nano.specs -mfpu=fpv4-sp-d16 -mfloat-abi=hard -mthumb -o "Middlewares/Third_Party/FreeRTOS/Source/timers.o"
arm-none-eabi-gcc "../Drivers/STM32F4xx_HAL_Driver/Src/stm32f4xx_hal.c" -mcpu=cortex-m4 -std=gnu11 -g3 -DDEBUG -DUSE_HAL_DRIVER -DSTM32F411xE -c -I../Core/Inc -I../Drivers/STM32F4xx_HAL_Driver/Inc -I../Drivers/STM32F4xx_HAL_Driver/Inc/Legacy -I../Drivers/CMSIS/Device/ST/STM32F4xx/Include -I../Drivers/CMSIS/Include -I../Middlewares/Third_Party/FreeRTOS/Source/include -I../Middlewares/Third_Party/FreeRTOS/Source/CMSIS_RTOS -I../Middlewares/Third_Party/FreeRTOS/Source/portable/GCC/ARM_CM4F -O0 -ffunction-sections -fdata-sections -Wall -fstack-usage -fcyclomatic-complexity -MMD -MP -MF"Drivers/STM32F4xx_HAL_Driver/Src/stm32f4xx_hal.d" -MT"Drivers/STM32F4xx_HAL_Driver/Src/stm32f4xx_hal.o" --specs=nano.specs -mfpu=fpv4-sp-d16 -mfloat-abi=hard -mthumb -o "Drivers/STM32F4xx_HAL_Driver/Src/stm32f4xx_hal.o"
arm-none-eabi-gcc "../Drivers/STM32F4xx_HAL_Driver/Src/stm32f4xx_hal_cortex.c" -mcpu=cortex-m4 -std=gnu11 -g3 -DDEBUG -DUSE_HAL_DRIVER -DSTM32F411xE -c -I../Core/Inc -I../Drivers/STM32F4xx_HAL_Driver/Inc -I../Drivers/STM32F4xx_HAL_Driver/Inc/Legacy -I../Drivers/CMSIS/Device/ST/STM32F4xx/Include -I../Drivers/CMSIS/Include -I../Middlewares/Third_Party/FreeRTOS/Source/include -I../Middlewares/Third_Party/FreeRTOS/Source/CMSIS_RTOS -I../Middlewares/Third_Party/FreeRTOS/Source/portable/GCC/ARM_CM4F -O0 -ffunction-sections -fdata-sections -Wall -fstack-usage -fcyclomatic-complexity -MMD -MP -MF"Drivers/STM32F4xx_HAL_Driver/Src/stm32f4xx_hal_cortex.d" -MT"Drivers/STM32F4xx_HAL_Driver/Src/stm32f4xx_hal_cortex.o" --specs=nano.specs -mfpu=fpv4-sp-d16 -mfloat-abi=hard -mthumb -o "Drivers/STM32F4xx_HAL_Driver/Src/stm32f4xx_hal_cortex.o"
arm-none-eabi-gcc "../Drivers/STM32F4xx_HAL_Driver/Src/stm32f4xx_hal_dma.c" -mcpu=cortex-m4 -std=gnu11 -g3 -DDEBUG -DUSE_HAL_DRIVER -DSTM32F411xE -c -I../Core/Inc -I../Drivers/STM32F4xx_HAL_Driver/Inc -I../Drivers/STM32F4xx_HAL_Driver/Inc/Legacy -I../Drivers/CMSIS/Device/ST/STM32F4xx/Include -I../Drivers/CMSIS/Include -I../Middlewares/Third_Party/FreeRTOS/Source/include -I../Middlewares/Third_Party/FreeRTOS/Source/CMSIS_RTOS -I../Middlewares/Third_Party/FreeRTOS/Source/portable/GCC/ARM_CM4F -O0 -ffunction-sections -fdata-sections -Wall -fstack-usage -fcyclomatic-complexity -MMD -MP -MF"Drivers/STM32F4xx_HAL_Driver/Src/stm32f4xx_hal_dma.d" -MT"Drivers/STM32F4xx_HAL_Driver/Src/stm32f4xx_hal_dma.o" --specs=nano.specs -mfpu=fpv4-sp-d16 -mfloat-abi=hard -mthumb -o "Drivers/STM32F4xx_HAL_Driver/Src/stm32f4xx_hal_dma.o"
arm-none-eabi-gcc "../Drivers/STM32F4xx_HAL_Driver/Src/stm32f4xx_hal_dma_ex.c" -mcpu=cortex-m4 -std=gnu11 -g3 -DDEBUG -DUSE_HAL_DRIVER -DSTM32F411xE -c -I../Core/Inc -I../Drivers/STM32F4xx_HAL_Driver/Inc -I../Drivers/STM32F4xx_HAL_Driver/Inc/Legacy -I../Drivers/CMSIS/Device/ST/STM32F4xx/Include -I../Drivers/CMSIS/Include -I../Middlewares/Third_Party/FreeRTOS/Source/include -I../Middlewares/Third_Party/FreeRTOS/Source/CMSIS_RTOS -I../Middlewares/Third_Party/FreeRTOS/Source/portable/GCC/ARM_CM4F -O0 -ffunction-sections -fdata-sections -Wall -fstack-usage -fcyclomatic-complexity -MMD -MP -MF"Drivers/STM32F4xx_HAL_Driver/Src/stm32f4xx_hal_dma_ex.d" -MT"Drivers/STM32F4xx_HAL_Driver/Src/stm32f4xx_hal_dma_ex.o" --specs=nano.specs -mfpu=fpv4-sp-d16 -mfloat-abi=hard -mthumb -o "Drivers/STM32F4xx_HAL_Driver/Src/stm32f4xx_hal_dma_ex.o"
arm-none-eabi-gcc "../Drivers/STM32F4xx_HAL_Driver/Src/stm32f4xx_hal_exti.c" -mcpu=cortex-m4 -std=gnu11 -g3 -DDEBUG -DUSE_HAL_DRIVER -DSTM32F411xE -c -I../Core/Inc -I../Drivers/STM32F4xx_HAL_Driver/Inc -I../Drivers/STM32F4xx_HAL_Driver/Inc/Legacy -I../Drivers/CMSIS/Device/ST/STM32F4xx/Include -I../Drivers/CMSIS/Include -I../Middlewares/Third_Party/FreeRTOS/Source/include -I../Middlewares/Third_Party/FreeRTOS/Source/CMSIS_RTOS -I../Middlewares/Third_Party/FreeRTOS/Source/portable/GCC/ARM_CM4F -O0 -ffunction-sections -fdata-sections -Wall -fstack-usage -fcyclomatic-complexity -MMD -MP -MF"Drivers/STM32F4xx_HAL_Driver/Src/stm32f4xx_hal_exti.d" -MT"Drivers/STM32F4xx_HAL_Driver/Src/stm32f4xx_hal_exti.o" --specs=nano.specs -mfpu=fpv4-sp-d16 -mfloat-abi=hard -mthumb -o "Drivers/STM32F4xx_HAL_Driver/Src/stm32f4xx_hal_exti.o"
arm-none-eabi-gcc "../Drivers/STM32F4xx_HAL_Driver/Src/stm32f4xx_hal_flash.c" -mcpu=cortex-m4 -std=gnu11 -g3 -DDEBUG -DUSE_HAL_DRIVER -DSTM32F411xE -c -I../Core/Inc -I../Drivers/STM32F4xx_HAL_Driver/Inc -I../Drivers/STM32F4xx_HAL_Driver/Inc/Legacy -I../Drivers/CMSIS/Device/ST/STM32F4xx/Include -I../Drivers/CMSIS/Include -I../Middlewares/Third_Party/FreeRTOS/Source/include -I../Middlewares/Third_Party/FreeRTOS/Source/CMSIS_RTOS -I../Middlewares/Third_Party/FreeRTOS/Source/portable/GCC/ARM_CM4F -O0 -ffunction-sections -fdata-sections -Wall -fstack-usage -fcyclomatic-complexity -MMD -MP -MF"Drivers/STM32F4xx_HAL_Driver/Src/stm32f4xx_hal_flash.d" -MT"Drivers/STM32F4xx_HAL_Driver/Src/stm32f4xx_hal_flash.o" --specs=nano.specs -mfpu=fpv4-sp-d16 -mfloat-abi=hard -mthumb -o "Drivers/STM32F4xx_HAL_Driver/Src/stm32f4xx_hal_flash.o"
arm-none-eabi-gcc "../Drivers/STM32F4xx_HAL_Driver/Src/stm32f4xx_hal_flash_ex.c" -mcpu=cortex-m4 -std=gnu11 -g3 -DDEBUG -DUSE_HAL_DRIVER -DSTM32F411xE -c -I../Core/Inc -I../Drivers/STM32F4xx_HAL_Driver/Inc -I../Drivers/STM32F4xx_HAL_Driver/Inc/Legacy -I../Drivers/CMSIS/Device/ST/STM32F4xx/Include -I../Drivers/CMSIS/Include -I../Middlewares/Third_Party/FreeRTOS/Source/include -I../Middlewares/Third_Party/FreeRTOS/Source/CMSIS_RTOS -I../Middlewares/Third_Party/FreeRTOS/Source/portable/GCC/ARM_CM4F -O0 -ffunction-sections -fdata-sections -Wall -fstack-usage -fcyclomatic-complexity -MMD -MP -MF"Drivers/STM32F4xx_HAL_Driver/Src/stm32f4xx_hal_flash_ex.d" -MT"Drivers/STM32F4xx_HAL_Driver/Src/stm32f4xx_hal_flash_ex.o" --specs=nano.specs -mfpu=fpv4-sp-d16 -mfloat-abi=hard -mthumb -o "Drivers/STM32F4xx_HAL_Driver/Src/stm32f4xx_hal_flash_ex.o"
arm-none-eabi-gcc "../Drivers/STM32F4xx_HAL_Driver/Src/stm32f4xx_hal_flash_ramfunc.c" -mcpu=cortex-m4 -std=gnu11 -g3 -DDEBUG -DUSE_HAL_DRIVER -DSTM32F411xE -c -I../Core/Inc -I../Drivers/STM32F4xx_HAL_Driver/Inc -I../Drivers/STM32F4xx_HAL_Driver/Inc/Legacy -I../Drivers/CMSIS/Device/ST/STM32F4xx/Include -I../Drivers/CMSIS/Include -I../Middlewares/Third_Party/FreeRTOS/Source/include -I../Middlewares/Third_Party/FreeRTOS/Source/CMSIS_RTOS -I../Middlewares/Third_Party/FreeRTOS/Source/portable/GCC/ARM_CM4F -O0 -ffunction-sections -fdata-sections -Wall -fstack-usage -fcyclomatic-complexity -MMD -MP -MF"Drivers/STM32F4xx_HAL_Driver/Src/stm32f4xx_hal_flash_ramfunc.d" -MT"Drivers/STM32F4xx_HAL_Driver/Src/stm32f4xx_hal_flash_ramfunc.o" --specs=nano.specs -mfpu=fpv4-sp-d16 -mfloat-abi=hard -mthumb -o "Drivers/STM32F4xx_HAL_Driver/Src/stm32f4xx_hal_flash_ramfunc.o"
arm-none-eabi-gcc "../Drivers/STM32F4xx_HAL_Driver/Src/stm32f4xx_hal_gpio.c" -mcpu=cortex-m4 -std=gnu11 -g3 -DDEBUG -DUSE_HAL_DRIVER -DSTM32F411xE -c -I../Core/Inc -I../Drivers/STM32F4xx_HAL_Driver/Inc -I../Drivers/STM32F4xx_HAL_Driver/Inc/Legacy -I../Drivers/CMSIS/Device/ST/STM32F4xx/Include -I../Drivers/CMSIS/Include -I../Middlewares/Third_Party/FreeRTOS/Source/include -I../Middlewares/Third_Party/FreeRTOS/Source/CMSIS_RTOS -I../Middlewares/Third_Party/FreeRTOS/Source/portable/GCC/ARM_CM4F -O0 -ffunction-sections -fdata-sections -Wall -fstack-usage -fcyclomatic-complexity -MMD -MP -MF"Drivers/STM32F4xx_HAL_Driver/Src/stm32f4xx_hal_gpio.d" -MT"Drivers/STM32F4xx_HAL_Driver/Src/stm32f4xx_hal_gpio.o" --specs=nano.specs -mfpu=fpv4-sp-d16 -mfloat-abi=hard -mthumb -o "Drivers/STM32F4xx_HAL_Driver/Src/stm32f4xx_hal_gpio.o"
arm-none-eabi-gcc "../Drivers/STM32F4xx_HAL_Driver/Src/stm32f4xx_hal_pwr.c" -mcpu=cortex-m4 -std=gnu11 -g3 -DDEBUG -DUSE_HAL_DRIVER -DSTM32F411xE -c -I../Core/Inc -I../Drivers/STM32F4xx_HAL_Driver/Inc -I../Drivers/STM32F4xx_HAL_Driver/Inc/Legacy -I../Drivers/CMSIS/Device/ST/STM32F4xx/Include -I../Drivers/CMSIS/Include -I../Middlewares/Third_Party/FreeRTOS/Source/include -I../Middlewares/Third_Party/FreeRTOS/Source/CMSIS_RTOS -I../Middlewares/Third_Party/FreeRTOS/Source/portable/GCC/ARM_CM4F -O0 -ffunction-sections -fdata-sections -Wall -fstack-usage -fcyclomatic-complexity -MMD -MP -MF"Drivers/STM32F4xx_HAL_Driver/Src/stm32f4xx_hal_pwr.d" -MT"Drivers/STM32F4xx_HAL_Driver/Src/stm32f4xx_hal_pwr.o" --specs=nano.specs -mfpu=fpv4-sp-d16 -mfloat-abi=hard -mthumb -o "Drivers/STM32F4xx_HAL_Driver/Src/stm32f4xx_hal_pwr.o"
arm-none-eabi-gcc "../Drivers/STM32F4xx_HAL_Driver/Src/stm32f4xx_hal_pwr_ex.c" -mcpu=cortex-m4 -std=gnu11 -g3 -DDEBUG -DUSE_HAL_DRIVER -DSTM32F411xE -c -I../Core/Inc -I../Drivers/STM32F4xx_HAL_Driver/Inc -I../Drivers/STM32F4xx_HAL_Driver/Inc/Legacy -I../Drivers/CMSIS/Device/ST/STM32F4xx/Include -I../Drivers/CMSIS/Include -I../Middlewares/Third_Party/FreeRTOS/Source/include -I../Middlewares/Third_Party/FreeRTOS/Source/CMSIS_RTOS -I../Middlewares/Third_Party/FreeRTOS/Source/portable/GCC/ARM_CM4F -O0 -ffunction-sections -fdata-sections -Wall -fstack-usage -fcyclomatic-complexity -MMD -MP -MF"Drivers/STM32F4xx_HAL_Driver/Src/stm32f4xx_hal_pwr_ex.d" -MT"Drivers/STM32F4xx_HAL_Driver/Src/stm32f4xx_hal_pwr_ex.o" --specs=nano.specs -mfpu=fpv4-sp-d16 -mfloat-abi=hard -mthumb -o "Drivers/STM32F4xx_HAL_Driver/Src/stm32f4xx_hal_pwr_ex.o"
arm-none-eabi-gcc "../Drivers/STM32F4xx_HAL_Driver/Src/stm32f4xx_hal_rcc.c" -mcpu=cortex-m4 -std=gnu11 -g3 -DDEBUG -DUSE_HAL_DRIVER -DSTM32F411xE -c -I../Core/Inc -I../Drivers/STM32F4xx_HAL_Driver/Inc -I../Drivers/STM32F4xx_HAL_Driver/Inc/Legacy -I../Drivers/CMSIS/Device/ST/STM32F4xx/Include -I../Drivers/CMSIS/Include -I../Middlewares/Third_Party/FreeRTOS/Source/include -I../Middlewares/Third_Party/FreeRTOS/Source/CMSIS_RTOS -I../Middlewares/Third_Party/FreeRTOS/Source/portable/GCC/ARM_CM4F -O0 -ffunction-sections -fdata-sections -Wall -fstack-usage -fcyclomatic-complexity -MMD -MP -MF"Drivers/STM32F4xx_HAL_Driver/Src/stm32f4xx_hal_rcc.d" -MT"Drivers/STM32F4xx_HAL_Driver/Src/stm32f4xx_hal_rcc.o" --specs=nano.specs -mfpu=fpv4-sp-d16 -mfloat-abi=hard -mthumb -o "Drivers/STM32F4xx_HAL_Driver/Src/stm32f4xx_hal_rcc.o"
arm-none-eabi-gcc "../Drivers/STM32F4xx_HAL_Driver/Src/stm32f4xx_hal_rcc_ex.c" -mcpu=cortex-m4 -std=gnu11 -g3 -DDEBUG -DUSE_HAL_DRIVER -DSTM32F411xE -c -I../Core/Inc -I../Drivers/STM32F4xx_HAL_Driver/Inc -I../Drivers/STM32F4xx_HAL_Driver/Inc/Legacy -I../Drivers/CMSIS/Device/ST/STM32F4xx/Include -I../Drivers/CMSIS/Include -I../Middlewares/Third_Party/FreeRTOS/Source/include -I../Middlewares/Third_Party/FreeRTOS/Source/CMSIS_RTOS -I../Middlewares/Third_Party/FreeRTOS/Source/portable/GCC/ARM_CM4F -O0 -ffunction-sections -fdata-sections -Wall -fstack-usage -fcyclomatic-complexity -MMD -MP -MF"Drivers/STM32F4xx_HAL_Driver/Src/stm32f4xx_hal_rcc_ex.d" -MT"Drivers/STM32F4xx_HAL_Driver/Src/stm32f4xx_hal_rcc_ex.o" --specs=nano.specs -mfpu=fpv4-sp-d16 -mfloat-abi=hard -mthumb -o "Drivers/STM32F4xx_HAL_Driver/Src/stm32f4xx_hal_rcc_ex.o"
arm-none-eabi-gcc "../Drivers/STM32F4xx_HAL_Driver/Src/stm32f4xx_hal_tim.c" -mcpu=cortex-m4 -std=gnu11 -g3 -DDEBUG -DUSE_HAL_DRIVER -DSTM32F411xE -c -I../Core/Inc -I../Drivers/STM32F4xx_HAL_Driver/Inc -I../Drivers/STM32F4xx_HAL_Driver/Inc/Legacy -I../Drivers/CMSIS/Device/ST/STM32F4xx/Include -I../Drivers/CMSIS/Include -I../Middlewares/Third_Party/FreeRTOS/Source/include -I../Middlewares/Third_Party/FreeRTOS/Source/CMSIS_RTOS -I../Middlewares/Third_Party/FreeRTOS/Source/portable/GCC/ARM_CM4F -O0 -ffunction-sections -fdata-sections -Wall -fstack-usage -fcyclomatic-complexity -MMD -MP -MF"Drivers/STM32F4xx_HAL_Driver/Src/stm32f4xx_hal_tim.d" -MT"Drivers/STM32F4xx_HAL_Driver/Src/stm32f4xx_hal_tim.o" --specs=nano.specs -mfpu=fpv4-sp-d16 -mfloat-abi=hard -mthumb -o "Drivers/STM32F4xx_HAL_Driver/Src/stm32f4xx_hal_tim.o"
arm-none-eabi-gcc "../Drivers/STM32F4xx_HAL_Driver/Src/stm32f4xx_hal_tim_ex.c" -mcpu=cortex-m4 -std=gnu11 -g3 -DDEBUG -DUSE_HAL_DRIVER -DSTM32F411xE -c -I../Core/Inc -I../Drivers/STM32F4xx_HAL_Driver/Inc -I../Drivers/STM32F4xx_HAL_Driver/Inc/Legacy -I../Drivers/CMSIS/Device/ST/STM32F4xx/Include -I../Drivers/CMSIS/Include -I../Middlewares/Third_Party/FreeRTOS/Source/include -I../Middlewares/Third_Party/FreeRTOS/Source/CMSIS_RTOS -I../Middlewares/Third_Party/FreeRTOS/Source/portable/GCC/ARM_CM4F -O0 -ffunction-sections -fdata-sections -Wall -fstack-usage -fcyclomatic-complexity -MMD -MP -MF"Drivers/STM32F4xx_HAL_Driver/Src/stm32f4xx_hal_tim_ex.d" -MT"Drivers/STM32F4xx_HAL_Driver/Src/stm32f4xx_hal_tim_ex.o" --specs=nano.specs -mfpu=fpv4-sp-d16 -mfloat-abi=hard -mthumb -o "Drivers/STM32F4xx_HAL_Driver/Src/stm32f4xx_hal_tim_ex.o"
arm-none-eabi-gcc "../Drivers/STM32F4xx_HAL_Driver/Src/stm32f4xx_hal_uart.c" -mcpu=cortex-m4 -std=gnu11 -g3 -DDEBUG -DUSE_HAL_DRIVER -DSTM32F411xE -c -I../Core/Inc -I../Drivers/STM32F4xx_HAL_Driver/Inc -I../Drivers/STM32F4xx_HAL_Driver/Inc/Legacy -I../Drivers/CMSIS/Device/ST/STM32F4xx/Include -I../Drivers/CMSIS/Include -I../Middlewares/Third_Party/FreeRTOS/Source/include -I../Middlewares/Third_Party/FreeRTOS/Source/CMSIS_RTOS -I../Middlewares/Third_Party/FreeRTOS/Source/portable/GCC/ARM_CM4F -O0 -ffunction-sections -fdata-sections -Wall -fstack-usage -fcyclomatic-complexity -MMD -MP -MF"Drivers/STM32F4xx_HAL_Driver/Src/stm32f4xx_hal_uart.d" -MT"Drivers/STM32F4xx_HAL_Driver/Src/stm32f4xx_hal_uart.o" --specs=nano.specs -mfpu=fpv4-sp-d16 -mfloat-abi=hard -mthumb -o "Drivers/STM32F4xx_HAL_Driver/Src/stm32f4xx_hal_uart.o"
arm-none-eabi-gcc -mcpu=cortex-m4 -g3 -DDEBUG -c -x assembler-with-cpp -MMD -MP -MF"Core/Startup/startup_stm32f411retx.d" -MT"Core/Startup/startup_stm32f411retx.o" --specs=nano.specs -mfpu=fpv4-sp-d16 -mfloat-abi=hard -mthumb -o "Core/Startup/startup_stm32f411retx.o" "../Core/Startup/startup_stm32f411retx.s"
arm-none-eabi-gcc "../Core/Src/freertos.c" -mcpu=cortex-m4 -std=gnu11 -g3 -DDEBUG -DUSE_HAL_DRIVER -DSTM32F411xE -c -I../Core/Inc -I../Drivers/STM32F4xx_HAL_Driver/Inc -I../Drivers/STM32F4xx_HAL_Driver/Inc/Legacy -I../Drivers/CMSIS/Device/ST/STM32F4xx/Include -I../Drivers/CMSIS/Include -I../Middlewares/Third_Party/FreeRTOS/Source/include -I../Middlewares/Third_Party/FreeRTOS/Source/CMSIS_RTOS -I../Middlewares/Third_Party/FreeRTOS/Source/portable/GCC/ARM_CM4F -O0 -ffunction-sections -fdata-sections -Wall -fstack-usage -fcyclomatic-complexity -MMD -MP -MF"Core/Src/freertos.d" -MT"Core/Src/freertos.o" --specs=nano.specs -mfpu=fpv4-sp-d16 -mfloat-abi=hard -mthumb -o "Core/Src/freertos.o"
arm-none-eabi-gcc "../Core/Src/main.c" -mcpu=cortex-m4 -std=gnu11 -g3 -DDEBUG -DUSE_HAL_DRIVER -DSTM32F411xE -c -I../Core/Inc -I../Drivers/STM32F4xx_HAL_Driver/Inc -I../Drivers/STM32F4xx_HAL_Driver/Inc/Legacy -I../Drivers/CMSIS/Device/ST/STM32F4xx/Include -I../Drivers/CMSIS/Include -I../Middlewares/Third_Party/FreeRTOS/Source/include -I../Middlewares/Third_Party/FreeRTOS/Source/CMSIS_RTOS -I../Middlewares/Third_Party/FreeRTOS/Source/portable/GCC/ARM_CM4F -O0 -ffunction-sections -fdata-sections -Wall -fstack-usage -fcyclomatic-complexity -MMD -MP -MF"Core/Src/main.d" -MT"Core/Src/main.o" --specs=nano.specs -mfpu=fpv4-sp-d16 -mfloat-abi=hard -mthumb -o "Core/Src/main.o"
arm-none-eabi-gcc "../Core/Src/stm32f4xx_hal_msp.c" -mcpu=cortex-m4 -std=gnu11 -g3 -DDEBUG -DUSE_HAL_DRIVER -DSTM32F411xE -c -I../Core/Inc -I../Drivers/STM32F4xx_HAL_Driver/Inc -I../Drivers/STM32F4xx_HAL_Driver/Inc/Legacy -I../Drivers/CMSIS/Device/ST/STM32F4xx/Include -I../Drivers/CMSIS/Include -I../Middlewares/Third_Party/FreeRTOS/Source/include -I../Middlewares/Third_Party/FreeRTOS/Source/CMSIS_RTOS -I../Middlewares/Third_Party/FreeRTOS/Source/portable/GCC/ARM_CM4F -O0 -ffunction-sections -fdata-sections -Wall -fstack-usage -fcyclomatic-complexity -MMD -MP -MF"Core/Src/stm32f4xx_hal_msp.d" -MT"Core/Src/stm32f4xx_hal_msp.o" --specs=nano.specs -mfpu=fpv4-sp-d16 -mfloat-abi=hard -mthumb -o "Core/Src/stm32f4xx_hal_msp.o"
arm-none-eabi-gcc "../Core/Src/stm32f4xx_hal_timebase_tim.c" -mcpu=cortex-m4 -std=gnu11 -g3 -DDEBUG -DUSE_HAL_DRIVER -DSTM32F411xE -c -I../Core/Inc -I../Drivers/STM32F4xx_HAL_Driver/Inc -I../Drivers/STM32F4xx_HAL_Driver/Inc/Legacy -I../Drivers/CMSIS/Device/ST/STM32F4xx/Include -I../Drivers/CMSIS/Include -I../Middlewares/Third_Party/FreeRTOS/Source/include -I../Middlewares/Third_Party/FreeRTOS/Source/CMSIS_RTOS -I../Middlewares/Third_Party/FreeRTOS/Source/portable/GCC/ARM_CM4F -O0 -ffunction-sections -fdata-sections -Wall -fstack-usage -fcyclomatic-complexity -MMD -MP -MF"Core/Src/stm32f4xx_hal_timebase_tim.d" -MT"Core/Src/stm32f4xx_hal_timebase_tim.o" --specs=nano.specs -mfpu=fpv4-sp-d16 -mfloat-abi=hard -mthumb -o "Core/Src/stm32f4xx_hal_timebase_tim.o"
arm-none-eabi-gcc "../Core/Src/stm32f4xx_it.c" -mcpu=cortex-m4 -std=gnu11 -g3 -DDEBUG -DUSE_HAL_DRIVER -DSTM32F411xE -c -I../Core/Inc -I../Drivers/STM32F4xx_HAL_Driver/Inc -I../Drivers/STM32F4xx_HAL_Driver/Inc/Legacy -I../Drivers/CMSIS/Device/ST/STM32F4xx/Include -I../Drivers/CMSIS/Include -I../Middlewares/Third_Party/FreeRTOS/Source/include -I../Middlewares/Third_Party/FreeRTOS/Source/CMSIS_RTOS -I../Middlewares/Third_Party/FreeRTOS/Source/portable/GCC/ARM_CM4F -O0 -ffunction-sections -fdata-sections -Wall -fstack-usage -fcyclomatic-complexity -MMD -MP -MF"Core/Src/stm32f4xx_it.d" -MT"Core/Src/stm32f4xx_it.o" --specs=nano.specs -mfpu=fpv4-sp-d16 -mfloat-abi=hard -mthumb -o "Core/Src/stm32f4xx_it.o"
arm-none-eabi-gcc "../Core/Src/syscalls.c" -mcpu=cortex-m4 -std=gnu11 -g3 -DDEBUG -DUSE_HAL_DRIVER -DSTM32F411xE -c -I../Core/Inc -I../Drivers/STM32F4xx_HAL_Driver/Inc -I../Drivers/STM32F4xx_HAL_Driver/Inc/Legacy -I../Drivers/CMSIS/Device/ST/STM32F4xx/Include -I../Drivers/CMSIS/Include -I../Middlewares/Third_Party/FreeRTOS/Source/include -I../Middlewares/Third_Party/FreeRTOS/Source/CMSIS_RTOS -I../Middlewares/Third_Party/FreeRTOS/Source/portable/GCC/ARM_CM4F -O0 -ffunction-sections -fdata-sections -Wall -fstack-usage -fcyclomatic-complexity -MMD -MP -MF"Core/Src/syscalls.d" -MT"Core/Src/syscalls.o" --specs=nano.specs -mfpu=fpv4-sp-d16 -mfloat-abi=hard -mthumb -o "Core/Src/syscalls.o"
arm-none-eabi-gcc "../Core/Src/sysmem.c" -mcpu=cortex-m4 -std=gnu11 -g3 -DDEBUG -DUSE_HAL_DRIVER -DSTM32F411xE -c -I../Core/Inc -I../Drivers/STM32F4xx_HAL_Driver/Inc -I../Drivers/STM32F4xx_HAL_Driver/Inc/Legacy -I../Drivers/CMSIS/Device/ST/STM32F4xx/Include -I../Drivers/CMSIS/Include -I../Middlewares/Third_Party/FreeRTOS/Source/include -I../Middlewares/Third_Party/FreeRTOS/Source/CMSIS_RTOS -I../Middlewares/Third_Party/FreeRTOS/Source/portable/GCC/ARM_CM4F -O0 -ffunction-sections -fdata-sections -Wall -fstack-usage -fcyclomatic-complexity -MMD -MP -MF"Core/Src/sysmem.d" -MT"Core/Src/sysmem.o" --specs=nano.specs -mfpu=fpv4-sp-d16 -mfloat-abi=hard -mthumb -o "Core/Src/sysmem.o"
arm-none-eabi-gcc "../Core/Src/system_stm32f4xx.c" -mcpu=cortex-m4 -std=gnu11 -g3 -DDEBUG -DUSE_HAL_DRIVER -DSTM32F411xE -c -I../Core/Inc -I../Drivers/STM32F4xx_HAL_Driver/Inc -I../Drivers/STM32F4xx_HAL_Driver/Inc/Legacy -I../Drivers/CMSIS/Device/ST/STM32F4xx/Include -I../Drivers/CMSIS/Include -I../Middlewares/Third_Party/FreeRTOS/Source/include -I../Middlewares/Third_Party/FreeRTOS/Source/CMSIS_RTOS -I../Middlewares/Third_Party/FreeRTOS/Source/portable/GCC/ARM_CM4F -O0 -ffunction-sections -fdata-sections -Wall -fstack-usage -fcyclomatic-complexity -MMD -MP -MF"Core/Src/system_stm32f4xx.d" -MT"Core/Src/system_stm32f4xx.o" --specs=nano.specs -mfpu=fpv4-sp-d16 -mfloat-abi=hard -mthumb -o "Core/Src/system_stm32f4xx.o"
arm-none-eabi-gcc -o "Test03-RTOS.elf" @"objects.list"   -mcpu=cortex-m4 -T"C:\Users\popo\STM32CubeIDE\workspace_1.13.1\Test03-RTOS\STM32F411RETX_FLASH.ld" --specs=nosys.specs -Wl,-Map="Test03-RTOS.map" -Wl,--gc-sections -static --specs=nano.specs -mfpu=fpv4-sp-d16 -mfloat-abi=hard -mthumb -Wl,--start-group -lc -lm -Wl,--end-group
Finished building target: Test03-RTOS.elf
 
arm-none-eabi-size   Test03-RTOS.elf 
arm-none-eabi-objdump -h -S  Test03-RTOS.elf  > "Test03-RTOS.list"
   text	   data	    bss	    dec	    hex	filename
  15148	    104	  18408	  33660	   837c	Test03-RTOS.elf
Finished building: default.size.stdout
 
Finished building: Test03-RTOS.list
 
11:32:43 **** Incremental Build of configuration Debug for project Test03-RTOS ****
make -j4 all 
arm-none-eabi-gcc "../Core/Src/main.c" -mcpu=cortex-m4 -std=gnu11 -g3 -DDEBUG -DUSE_HAL_DRIVER -DSTM32F411xE -c -I../Core/Inc -I../Drivers/STM32F4xx_HAL_Driver/Inc -I../Drivers/STM32F4xx_HAL_Driver/Inc/Legacy -I../Drivers/CMSIS/Device/ST/STM32F4xx/Include -I../Drivers/CMSIS/Include -I../Middlewares/Third_Party/FreeRTOS/Source/include -I../Middlewares/Third_Party/FreeRTOS/Source/CMSIS_RTOS -I../Middlewares/Third_Party/FreeRTOS/Source/portable/GCC/ARM_CM4F -O0 -ffunction-sections -fdata-sections -Wall -fstack-usage -fcyclomatic-complexity -MMD -MP -MF"Core/Src/main.d" -MT"Core/Src/main.o" --specs=nano.specs -mfpu=fpv4-sp-d16 -mfloat-abi=hard -mthumb -o "Core/Src/main.o"
arm-none-eabi-gcc -o "Test03-RTOS.elf" @"objects.list"   -mcpu=cortex-m4 -T"C:\Users\popo\STM32CubeIDE\workspace_1.13.1\Test03-RTOS\STM32F411RETX_FLASH.ld" --specs=nosys.specs -Wl,-Map="Test03-RTOS.map" -Wl,--gc-sections -static --specs=nano.specs -mfpu=fpv4-sp-d16 -mfloat-abi=hard -mthumb -Wl,--start-group -lc -lm -Wl,--end-group
Finished building target: Test03-RTOS.elf
 
arm-none-eabi-size   Test03-RTOS.elf 
arm-none-eabi-objdump -h -S  Test03-RTOS.elf  > "Test03-RTOS.list"
   text	   data	    bss	    dec	    hex	filename
  13960	    104	  17712	  31776	   7c20	Test03-RTOS.elf
Finished building: default.size.stdout
 
Finished building: Test03-RTOS.list
 
11:33:42 **** Incremental Build of configuration Debug for project Test03-RTOS ****
make -j4 all 
arm-none-eabi-gcc "../Core/Src/main.c" -mcpu=cortex-m4 -std=gnu11 -g3 -DDEBUG -DUSE_HAL_DRIVER -DSTM32F411xE -c -I../Core/Inc -I../Drivers/STM32F4xx_HAL_Driver/Inc -I../Drivers/STM32F4xx_HAL_Driver/Inc/Legacy -I../Drivers/CMSIS/Device/ST/STM32F4xx/Include -I../Drivers/CMSIS/Include -I../Middlewares/Third_Party/FreeRTOS/Source/include -I../Middlewares/Third_Party/FreeRTOS/Source/CMSIS_RTOS -I../Middlewares/Third_Party/FreeRTOS/Source/portable/GCC/ARM_CM4F -O0 -ffunction-sections -fdata-sections -Wall -fstack-usage -fcyclomatic-complexity -MMD -MP -MF"Core/Src/main.d" -MT"Core/Src/main.o" --specs=nano.specs -mfpu=fpv4-sp-d16 -mfloat-abi=hard -mthumb -o "Core/Src/main.o"
arm-none-eabi-gcc -o "Test03-RTOS.elf" @"objects.list"   -mcpu=cortex-m4 -T"C:\Users\popo\STM32CubeIDE\workspace_1.13.1\Test03-RTOS\STM32F411RETX_FLASH.ld" --specs=nosys.specs -Wl,-Map="Test03-RTOS.map" -Wl,--gc-sections -static --specs=nano.specs -mfpu=fpv4-sp-d16 -mfloat-abi=hard -mthumb -Wl,--start-group -lc -lm -Wl,--end-group
Finished building target: Test03-RTOS.elf
 
arm-none-eabi-size   Test03-RTOS.elf 
arm-none-eabi-objdump -h -S  Test03-RTOS.elf  > "Test03-RTOS.list"
   text	   data	    bss	    dec	    hex	filename
  13976	    104	  17712	  31792	   7c30	Test03-RTOS.elf
Finished building: default.size.stdout
 
Finished building: Test03-RTOS.list
 
11:34:41 **** Incremental Build of configuration Debug for project Test03-RTOS ****
make -j4 all 
arm-none-eabi-gcc "../Core/Src/main.c" -mcpu=cortex-m4 -std=gnu11 -g3 -DDEBUG -DUSE_HAL_DRIVER -DSTM32F411xE -c -I../Core/Inc -I../Drivers/STM32F4xx_HAL_Driver/Inc -I../Drivers/STM32F4xx_HAL_Driver/Inc/Legacy -I../Drivers/CMSIS/Device/ST/STM32F4xx/Include -I../Drivers/CMSIS/Include -I../Middlewares/Third_Party/FreeRTOS/Source/include -I../Middlewares/Third_Party/FreeRTOS/Source/CMSIS_RTOS -I../Middlewares/Third_Party/FreeRTOS/Source/portable/GCC/ARM_CM4F -O0 -ffunction-sections -fdata-sections -Wall -fstack-usage -fcyclomatic-complexity -MMD -MP -MF"Core/Src/main.d" -MT"Core/Src/main.o" --specs=nano.specs -mfpu=fpv4-sp-d16 -mfloat-abi=hard -mthumb -o "Core/Src/main.o"
arm-none-eabi-gcc -o "Test03-RTOS.elf" @"objects.list"   -mcpu=cortex-m4 -T"C:\Users\popo\STM32CubeIDE\workspace_1.13.1\Test03-RTOS\STM32F411RETX_FLASH.ld" --specs=nosys.specs -Wl,-Map="Test03-RTOS.map" -Wl,--gc-sections -static --specs=nano.specs -mfpu=fpv4-sp-d16 -mfloat-abi=hard -mthumb -Wl,--start-group -lc -lm -Wl,--end-group
Finished building target: Test03-RTOS.elf
 
arm-none-eabi-size   Test03-RTOS.elf 
arm-none-eabi-objdump -h -S  Test03-RTOS.elf  > "Test03-RTOS.list"
   text	   data	    bss	    dec	    hex	filename
  10340	    100	   2204	  12644	   3164	Test03-RTOS.elf
Finished building: default.size.stdout
 
Finished building: Test03-RTOS.list
 
11:46:26 **** Incremental Build of configuration Debug for project Test03-RTOS ****
make -j4 all 
arm-none-eabi-gcc "../Core/Src/main.c" -mcpu=cortex-m4 -std=gnu11 -g3 -DDEBUG -DUSE_HAL_DRIVER -DSTM32F411xE -c -I../Core/Inc -I../Drivers/STM32F4xx_HAL_Driver/Inc -I../Drivers/STM32F4xx_HAL_Driver/Inc/Legacy -I../Drivers/CMSIS/Device/ST/STM32F4xx/Include -I../Drivers/CMSIS/Include -I../Middlewares/Third_Party/FreeRTOS/Source/include -I../Middlewares/Third_Party/FreeRTOS/Source/CMSIS_RTOS -I../Middlewares/Third_Party/FreeRTOS/Source/portable/GCC/ARM_CM4F -O0 -ffunction-sections -fdata-sections -Wall -fstack-usage -fcyclomatic-complexity -MMD -MP -MF"Core/Src/main.d" -MT"Core/Src/main.o" --specs=nano.specs -mfpu=fpv4-sp-d16 -mfloat-abi=hard -mthumb -o "Core/Src/main.o"
In file included from ../Core/Src/main.c:50:
../Core/Src/../../../myLib/myLib.c: In function '__io_putchar':
../Core/Src/../../../myLib/myLib.c:3:36: warning: passing argument 2 of 'HAL_UART_Transmit' from incompatible pointer type [-Wincompatible-pointer-types]
    3 |         HAL_UART_Transmit(&huart2, &c, 1, 10);
      |                                    ^~
      |                                    |
      |                                    int *
In file included from ../Core/Inc/stm32f4xx_hal_conf.h:411,
                 from ../Drivers/STM32F4xx_HAL_Driver/Inc/stm32f4xx_hal.h:29,
                 from ../Core/Inc/main.h:30,
                 from ../Core/Src/main.c:20:
../Drivers/STM32F4xx_HAL_Driver/Inc/stm32f4xx_hal_uart.h:722:79: note: expected 'const uint8_t *' {aka 'const unsigned char *'} but argument is of type 'int *'
  722 | HAL_StatusTypeDef HAL_UART_Transmit(UART_HandleTypeDef *huart, const uint8_t *pData, uint16_t Size, uint32_t Timeout);
      |                                                                ~~~~~~~~~~~~~~~^~~~~
../Core/Src/main.c: In function 'main':
../Core/Src/main.c:100:3: warning: implicit declaration of function 'printf' [-Wimplicit-function-declaration]
  100 |   printf("\033[1J\033[1;1HRTOS Test Program Started...\r\n");
      |   ^~~~~~
../Core/Src/main.c:51:1: note: include '<stdio.h>' or provide a declaration of 'printf'
   50 | #include "../../../myLib/myLib.c"
  +++ |+#include <stdio.h>
   51 | /* USER CODE END PV */
../Core/Src/main.c:100:3: warning: incompatible implicit declaration of built-in function 'printf' [-Wbuiltin-declaration-mismatch]
  100 |   printf("\033[1J\033[1;1HRTOS Test Program Started...\r\n");
      |   ^~~~~~
../Core/Src/main.c:100:3: note: include '<stdio.h>' or provide a declaration of 'printf'
arm-none-eabi-gcc -o "Test03-RTOS.elf" @"objects.list"   -mcpu=cortex-m4 -T"C:\Users\popo\STM32CubeIDE\workspace_1.13.1\Test03-RTOS\STM32F411RETX_FLASH.ld" --specs=nosys.specs -Wl,-Map="Test03-RTOS.map" -Wl,--gc-sections -static --specs=nano.specs -mfpu=fpv4-sp-d16 -mfloat-abi=hard -mthumb -Wl,--start-group -lc -lm -Wl,--end-group
Finished building target: Test03-RTOS.elf
 
arm-none-eabi-size   Test03-RTOS.elf 
arm-none-eabi-objdump -h -S  Test03-RTOS.elf  > "Test03-RTOS.list"
   text	   data	    bss	    dec	    hex	filename
  20172	    116	  18428	  38716	   973c	Test03-RTOS.elf
Finished building: default.size.stdout
 
Finished building: Test03-RTOS.list
 
11:49:10 **** Incremental Build of configuration Debug for project Test03-RTOS ****
make -j4 all 
arm-none-eabi-gcc "../Core/Src/main.c" -mcpu=cortex-m4 -std=gnu11 -g3 -DDEBUG -DUSE_HAL_DRIVER -DSTM32F411xE -c -I../Core/Inc -I../Drivers/STM32F4xx_HAL_Driver/Inc -I../Drivers/STM32F4xx_HAL_Driver/Inc/Legacy -I../Drivers/CMSIS/Device/ST/STM32F4xx/Include -I../Drivers/CMSIS/Include -I../Middlewares/Third_Party/FreeRTOS/Source/include -I../Middlewares/Third_Party/FreeRTOS/Source/CMSIS_RTOS -I../Middlewares/Third_Party/FreeRTOS/Source/portable/GCC/ARM_CM4F -O0 -ffunction-sections -fdata-sections -Wall -fstack-usage -fcyclomatic-complexity -MMD -MP -MF"Core/Src/main.d" -MT"Core/Src/main.o" --specs=nano.specs -mfpu=fpv4-sp-d16 -mfloat-abi=hard -mthumb -o "Core/Src/main.o"
In file included from ../Core/Src/main.c:50:
../Core/Src/../../../myLib/myLib.c: In function '__io_putchar':
../Core/Src/../../../myLib/myLib.c:3:36: warning: passing argument 2 of 'HAL_UART_Transmit' from incompatible pointer type [-Wincompatible-pointer-types]
    3 |         HAL_UART_Transmit(&huart2, &c, 1, 10);
      |                                    ^~
      |                                    |
      |                                    int *
In file included from ../Core/Inc/stm32f4xx_hal_conf.h:411,
                 from ../Drivers/STM32F4xx_HAL_Driver/Inc/stm32f4xx_hal.h:29,
                 from ../Core/Inc/main.h:30,
                 from ../Core/Src/main.c:20:
../Drivers/STM32F4xx_HAL_Driver/Inc/stm32f4xx_hal_uart.h:722:79: note: expected 'const uint8_t *' {aka 'const unsigned char *'} but argument is of type 'int *'
  722 | HAL_StatusTypeDef HAL_UART_Transmit(UART_HandleTypeDef *huart, const uint8_t *pData, uint16_t Size, uint32_t Timeout);
      |                                                                ~~~~~~~~~~~~~~~^~~~~
../Core/Src/main.c: In function 'main':
../Core/Src/main.c:100:3: warning: implicit declaration of function 'printf' [-Wimplicit-function-declaration]
  100 |   printf("\033[1J\033[1;1HRTOS Test Program Started...\r\n");
      |   ^~~~~~
../Core/Src/main.c:51:1: note: include '<stdio.h>' or provide a declaration of 'printf'
   50 | #include "../../../myLib/myLib.c"
  +++ |+#include <stdio.h>
   51 | /* USER CODE END PV */
../Core/Src/main.c:100:3: warning: incompatible implicit declaration of built-in function 'printf' [-Wbuiltin-declaration-mismatch]
  100 |   printf("\033[1J\033[1;1HRTOS Test Program Started...\r\n");
      |   ^~~~~~
../Core/Src/main.c:100:3: note: include '<stdio.h>' or provide a declaration of 'printf'
../Core/Src/main.c: In function 'StartDefaultTask':
../Core/Src/main.c:291:11: warning: incompatible implicit declaration of built-in function 'printf' [-Wbuiltin-declaration-mismatch]
  291 |           printf("in default Task......%d\r\n", n++);
      |           ^~~~~~
../Core/Src/main.c:291:11: note: include '<stdio.h>' or provide a declaration of 'printf'
../Core/Src/main.c: In function 'StartTask02':
../Core/Src/main.c:312:11: warning: incompatible implicit declaration of built-in function 'printf' [-Wbuiltin-declaration-mismatch]
  312 |           printf("in Task  02......%d\r\n", n++);
      |           ^~~~~~
../Core/Src/main.c:312:11: note: include '<stdio.h>' or provide a declaration of 'printf'
../Core/Src/main.c: In function 'StartTask03':
../Core/Src/main.c:332:11: warning: incompatible implicit declaration of built-in function 'printf' [-Wbuiltin-declaration-mismatch]
  332 |           printf("in Task 03......%d\r\n", n++);
      |           ^~~~~~
../Core/Src/main.c:332:11: note: include '<stdio.h>' or provide a declaration of 'printf'
arm-none-eabi-gcc -o "Test03-RTOS.elf" @"objects.list"   -mcpu=cortex-m4 -T"C:\Users\popo\STM32CubeIDE\workspace_1.13.1\Test03-RTOS\STM32F411RETX_FLASH.ld" --specs=nosys.specs -Wl,-Map="Test03-RTOS.map" -Wl,--gc-sections -static --specs=nano.specs -mfpu=fpv4-sp-d16 -mfloat-abi=hard -mthumb -Wl,--start-group -lc -lm -Wl,--end-group
Finished building target: Test03-RTOS.elf
 
arm-none-eabi-size   Test03-RTOS.elf 
arm-none-eabi-objdump -h -S  Test03-RTOS.elf  > "Test03-RTOS.list"
   text	   data	    bss	    dec	    hex	filename
  20328	    116	  18428	  38872	   97d8	Test03-RTOS.elf
Finished building: default.size.stdout
 
Finished building: Test03-RTOS.list
 
11:52:23 **** Incremental Build of configuration Debug for project Test03-RTOS ****
make -j4 all 
arm-none-eabi-gcc "../Core/Src/main.c" -mcpu=cortex-m4 -std=gnu11 -g3 -DDEBUG -DUSE_HAL_DRIVER -DSTM32F411xE -c -I../Core/Inc -I../Drivers/STM32F4xx_HAL_Driver/Inc -I../Drivers/STM32F4xx_HAL_Driver/Inc/Legacy -I../Drivers/CMSIS/Device/ST/STM32F4xx/Include -I../Drivers/CMSIS/Include -I../Middlewares/Third_Party/FreeRTOS/Source/include -I../Middlewares/Third_Party/FreeRTOS/Source/CMSIS_RTOS -I../Middlewares/Third_Party/FreeRTOS/Source/portable/GCC/ARM_CM4F -O0 -ffunction-sections -fdata-sections -Wall -fstack-usage -fcyclomatic-complexity -MMD -MP -MF"Core/Src/main.d" -MT"Core/Src/main.o" --specs=nano.specs -mfpu=fpv4-sp-d16 -mfloat-abi=hard -mthumb -o "Core/Src/main.o"
In file included from ../Core/Src/main.c:50:
../Core/Src/../../../myLib/myLib.c: In function '__io_putchar':
../Core/Src/../../../myLib/myLib.c:3:36: warning: passing argument 2 of 'HAL_UART_Transmit' from incompatible pointer type [-Wincompatible-pointer-types]
    3 |         HAL_UART_Transmit(&huart2, &c, 1, 10);
      |                                    ^~
      |                                    |
      |                                    int *
In file included from ../Core/Inc/stm32f4xx_hal_conf.h:411,
                 from ../Drivers/STM32F4xx_HAL_Driver/Inc/stm32f4xx_hal.h:29,
                 from ../Core/Inc/main.h:30,
                 from ../Core/Src/main.c:20:
../Drivers/STM32F4xx_HAL_Driver/Inc/stm32f4xx_hal_uart.h:722:79: note: expected 'const uint8_t *' {aka 'const unsigned char *'} but argument is of type 'int *'
  722 | HAL_StatusTypeDef HAL_UART_Transmit(UART_HandleTypeDef *huart, const uint8_t *pData, uint16_t Size, uint32_t Timeout);
      |                                                                ~~~~~~~~~~~~~~~^~~~~
../Core/Src/main.c: In function 'main':
../Core/Src/main.c:100:3: warning: implicit declaration of function 'printf' [-Wimplicit-function-declaration]
  100 |   printf("\033[1J\033[1;1HRTOS Test Program Started...\r\n");
      |   ^~~~~~
../Core/Src/main.c:51:1: note: include '<stdio.h>' or provide a declaration of 'printf'
   50 | #include "../../../myLib/myLib.c"
  +++ |+#include <stdio.h>
   51 | /* USER CODE END PV */
../Core/Src/main.c:100:3: warning: incompatible implicit declaration of built-in function 'printf' [-Wbuiltin-declaration-mismatch]
  100 |   printf("\033[1J\033[1;1HRTOS Test Program Started...\r\n");
      |   ^~~~~~
../Core/Src/main.c:100:3: note: include '<stdio.h>' or provide a declaration of 'printf'
../Core/Src/main.c: In function 'StartDefaultTask':
../Core/Src/main.c:291:11: warning: incompatible implicit declaration of built-in function 'printf' [-Wbuiltin-declaration-mismatch]
  291 |           printf("\033[1;3Hin default Task......%d\r\n", n++);
      |           ^~~~~~
../Core/Src/main.c:291:11: note: include '<stdio.h>' or provide a declaration of 'printf'
../Core/Src/main.c: In function 'StartTask02':
../Core/Src/main.c:312:11: warning: incompatible implicit declaration of built-in function 'printf' [-Wbuiltin-declaration-mismatch]
  312 |           printf("\033[1;5Hin Task  02......%d\r\n", n++);
      |           ^~~~~~
../Core/Src/main.c:312:11: note: include '<stdio.h>' or provide a declaration of 'printf'
../Core/Src/main.c: In function 'StartTask03':
../Core/Src/main.c:332:11: warning: incompatible implicit declaration of built-in function 'printf' [-Wbuiltin-declaration-mismatch]
  332 |           printf("\033[1;7Hin Task 03......%d\r\n", n++);
      |           ^~~~~~
../Core/Src/main.c:332:11: note: include '<stdio.h>' or provide a declaration of 'printf'
arm-none-eabi-gcc -o "Test03-RTOS.elf" @"objects.list"   -mcpu=cortex-m4 -T"C:\Users\popo\STM32CubeIDE\workspace_1.13.1\Test03-RTOS\STM32F411RETX_FLASH.ld" --specs=nosys.specs -Wl,-Map="Test03-RTOS.map" -Wl,--gc-sections -static --specs=nano.specs -mfpu=fpv4-sp-d16 -mfloat-abi=hard -mthumb -Wl,--start-group -lc -lm -Wl,--end-group
Finished building target: Test03-RTOS.elf
 
arm-none-eabi-size   Test03-RTOS.elf 
arm-none-eabi-objdump -h -S  Test03-RTOS.elf  > "Test03-RTOS.list"
   text	   data	    bss	    dec	    hex	filename
  20340	    116	  18428	  38884	   97e4	Test03-RTOS.elf
Finished building: default.size.stdout
 
Finished building: Test03-RTOS.list
 
11:53:58 **** Incremental Build of configuration Debug for project Test03-RTOS ****
make -j4 all 
arm-none-eabi-gcc "../Core/Src/main.c" -mcpu=cortex-m4 -std=gnu11 -g3 -DDEBUG -DUSE_HAL_DRIVER -DSTM32F411xE -c -I../Core/Inc -I../Drivers/STM32F4xx_HAL_Driver/Inc -I../Drivers/STM32F4xx_HAL_Driver/Inc/Legacy -I../Drivers/CMSIS/Device/ST/STM32F4xx/Include -I../Drivers/CMSIS/Include -I../Middlewares/Third_Party/FreeRTOS/Source/include -I../Middlewares/Third_Party/FreeRTOS/Source/CMSIS_RTOS -I../Middlewares/Third_Party/FreeRTOS/Source/portable/GCC/ARM_CM4F -O0 -ffunction-sections -fdata-sections -Wall -fstack-usage -fcyclomatic-complexity -MMD -MP -MF"Core/Src/main.d" -MT"Core/Src/main.o" --specs=nano.specs -mfpu=fpv4-sp-d16 -mfloat-abi=hard -mthumb -o "Core/Src/main.o"
In file included from ../Core/Src/main.c:50:
../Core/Src/../../../myLib/myLib.c: In function '__io_putchar':
../Core/Src/../../../myLib/myLib.c:3:36: warning: passing argument 2 of 'HAL_UART_Transmit' from incompatible pointer type [-Wincompatible-pointer-types]
    3 |         HAL_UART_Transmit(&huart2, &c, 1, 10);
      |                                    ^~
      |                                    |
      |                                    int *
In file included from ../Core/Inc/stm32f4xx_hal_conf.h:411,
                 from ../Drivers/STM32F4xx_HAL_Driver/Inc/stm32f4xx_hal.h:29,
                 from ../Core/Inc/main.h:30,
                 from ../Core/Src/main.c:20:
../Drivers/STM32F4xx_HAL_Driver/Inc/stm32f4xx_hal_uart.h:722:79: note: expected 'const uint8_t *' {aka 'const unsigned char *'} but argument is of type 'int *'
  722 | HAL_StatusTypeDef HAL_UART_Transmit(UART_HandleTypeDef *huart, const uint8_t *pData, uint16_t Size, uint32_t Timeout);
      |                                                                ~~~~~~~~~~~~~~~^~~~~
../Core/Src/main.c: In function 'main':
../Core/Src/main.c:100:3: warning: implicit declaration of function 'printf' [-Wimplicit-function-declaration]
  100 |   printf("\033[1J\033[1;1HRTOS Test Program Started...\r\n");
      |   ^~~~~~
../Core/Src/main.c:51:1: note: include '<stdio.h>' or provide a declaration of 'printf'
   50 | #include "../../../myLib/myLib.c"
  +++ |+#include <stdio.h>
   51 | /* USER CODE END PV */
../Core/Src/main.c:100:3: warning: incompatible implicit declaration of built-in function 'printf' [-Wbuiltin-declaration-mismatch]
  100 |   printf("\033[1J\033[1;1HRTOS Test Program Started...\r\n");
      |   ^~~~~~
../Core/Src/main.c:100:3: note: include '<stdio.h>' or provide a declaration of 'printf'
../Core/Src/main.c: In function 'StartDefaultTask':
../Core/Src/main.c:291:11: warning: incompatible implicit declaration of built-in function 'printf' [-Wbuiltin-declaration-mismatch]
  291 |           printf("\033[3;1Hin default Task......%d   \r\n", n++);
      |           ^~~~~~
../Core/Src/main.c:291:11: note: include '<stdio.h>' or provide a declaration of 'printf'
../Core/Src/main.c: In function 'StartTask02':
../Core/Src/main.c:312:11: warning: incompatible implicit declaration of built-in function 'printf' [-Wbuiltin-declaration-mismatch]
  312 |           printf("\033[5;1Hin Task  02......%d   \r\n", n++);
      |           ^~~~~~
../Core/Src/main.c:312:11: note: include '<stdio.h>' or provide a declaration of 'printf'
../Core/Src/main.c: In function 'StartTask03':
../Core/Src/main.c:332:11: warning: incompatible implicit declaration of built-in function 'printf' [-Wbuiltin-declaration-mismatch]
  332 |           printf("\033[7;1Hin Task 03......%d   \r\n", n++);
      |           ^~~~~~
../Core/Src/main.c:332:11: note: include '<stdio.h>' or provide a declaration of 'printf'
arm-none-eabi-gcc -o "Test03-RTOS.elf" @"objects.list"   -mcpu=cortex-m4 -T"C:\Users\popo\STM32CubeIDE\workspace_1.13.1\Test03-RTOS\STM32F411RETX_FLASH.ld" --specs=nosys.specs -Wl,-Map="Test03-RTOS.map" -Wl,--gc-sections -static --specs=nano.specs -mfpu=fpv4-sp-d16 -mfloat-abi=hard -mthumb -Wl,--start-group -lc -lm -Wl,--end-group
Finished building target: Test03-RTOS.elf
 
arm-none-eabi-size   Test03-RTOS.elf 
arm-none-eabi-objdump -h -S  Test03-RTOS.elf  > "Test03-RTOS.list"
   text	   data	    bss	    dec	    hex	filename
  20352	    116	  18428	  38896	   97f0	Test03-RTOS.elf
Finished building: default.size.stdout
 
Finished building: Test03-RTOS.list
 
11:58:00 **** Incremental Build of configuration Debug for project Test03-RTOS ****
make -j4 all 
arm-none-eabi-gcc "../Core/Src/main.c" -mcpu=cortex-m4 -std=gnu11 -g3 -DDEBUG -DUSE_HAL_DRIVER -DSTM32F411xE -c -I../Core/Inc -I../Drivers/STM32F4xx_HAL_Driver/Inc -I../Drivers/STM32F4xx_HAL_Driver/Inc/Legacy -I../Drivers/CMSIS/Device/ST/STM32F4xx/Include -I../Drivers/CMSIS/Include -I../Middlewares/Third_Party/FreeRTOS/Source/include -I../Middlewares/Third_Party/FreeRTOS/Source/CMSIS_RTOS -I../Middlewares/Third_Party/FreeRTOS/Source/portable/GCC/ARM_CM4F -O0 -ffunction-sections -fdata-sections -Wall -fstack-usage -fcyclomatic-complexity -MMD -MP -MF"Core/Src/main.d" -MT"Core/Src/main.o" --specs=nano.specs -mfpu=fpv4-sp-d16 -mfloat-abi=hard -mthumb -o "Core/Src/main.o"
In file included from ../Core/Src/main.c:50:
../Core/Src/../../../myLib/myLib.c: In function '__io_putchar':
../Core/Src/../../../myLib/myLib.c:3:36: warning: passing argument 2 of 'HAL_UART_Transmit' from incompatible pointer type [-Wincompatible-pointer-types]
    3 |         HAL_UART_Transmit(&huart2, &c, 1, 10);
      |                                    ^~
      |                                    |
      |                                    int *
In file included from ../Core/Inc/stm32f4xx_hal_conf.h:411,
                 from ../Drivers/STM32F4xx_HAL_Driver/Inc/stm32f4xx_hal.h:29,
                 from ../Core/Inc/main.h:30,
                 from ../Core/Src/main.c:20:
[...]
../Core/Src/main.c:52:1: note: include '<stdio.h>' or provide a declaration of 'printf'
   51 | #include "../../../myLib/myLib.c"
  +++ |+#include <stdio.h>
   52 | /* USER CODE END PV */
../Core/Src/main.c:105:3: warning: incompatible implicit declaration of built-in function 'printf' [-Wbuiltin-declaration-mismatch]
  105 |   printf("\033[1J\033[1;1HRTOS Test Program Started...\r\n");
      |   ^~~~~~
../Core/Src/main.c:105:3: note: include '<stdio.h>' or provide a declaration of 'printf'
../Core/Src/main.c: In function 'StartTask01':
../Core/Src/main.c:309:19: warning: incompatible implicit declaration of built-in function 'printf' [-Wbuiltin-declaration-mismatch]
  309 |                   printf("\033[3;1Hin default Task......%d   \r\n", n++);
      |                   ^~~~~~
../Core/Src/main.c:309:19: note: include '<stdio.h>' or provide a declaration of 'printf'
../Core/Src/main.c: In function 'StartTask02':
../Core/Src/main.c:335:19: warning: incompatible implicit declaration of built-in function 'printf' [-Wbuiltin-declaration-mismatch]
  335 |                   printf("\033[5;1Hin Task    02......%d   \r\n", n++);
      |                   ^~~~~~
../Core/Src/main.c:335:19: note: include '<stdio.h>' or provide a declaration of 'printf'
../Core/Src/main.c: In function 'StartTask03':
../Core/Src/main.c:362:19: warning: incompatible implicit declaration of built-in function 'printf' [-Wbuiltin-declaration-mismatch]
  362 |                   printf("\033[7;1Hin Task 03......%d   \r\n", n++);
      |                   ^~~~~~
../Core/Src/main.c:362:19: note: include '<stdio.h>' or provide a declaration of 'printf'
arm-none-eabi-gcc -o "Test03-RTOS.elf" @"objects.list"   -mcpu=cortex-m4 -T"C:\Users\popo\STM32CubeIDE\workspace_1.13.1\Test03-RTOS\STM32F411RETX_FLASH.ld" --specs=nosys.specs -Wl,-Map="Test03-RTOS.map" -Wl,--gc-sections -static --specs=nano.specs -mfpu=fpv4-sp-d16 -mfloat-abi=hard -mthumb -Wl,--start-group -lc -lm -Wl,--end-group
Finished building target: Test03-RTOS.elf
 
arm-none-eabi-size   Test03-RTOS.elf 
arm-none-eabi-objdump -h -S  Test03-RTOS.elf  > "Test03-RTOS.list"
   text	   data	    bss	    dec	    hex	filename
  25580	    116	  18436	  44132	   ac64	Test03-RTOS.elf
Finished building: default.size.stdout
 
Finished building: Test03-RTOS.list
 
15:22:44 **** Incremental Build of configuration Debug for project Test03-RTOS ****
make -j4 all 
arm-none-eabi-gcc "../Core/Src/main.c" -mcpu=cortex-m4 -std=gnu11 -g3 -DDEBUG -DUSE_HAL_DRIVER -DSTM32F411xE -c -I../Core/Inc -I../Drivers/STM32F4xx_HAL_Driver/Inc -I../Drivers/STM32F4xx_HAL_Driver/Inc/Legacy -I../Drivers/CMSIS/Device/ST/STM32F4xx/Include -I../Drivers/CMSIS/Include -I../Middlewares/Third_Party/FreeRTOS/Source/include -I../Middlewares/Third_Party/FreeRTOS/Source/CMSIS_RTOS -I../Middlewares/Third_Party/FreeRTOS/Source/portable/GCC/ARM_CM4F -O0 -ffunction-sections -fdata-sections -Wall -fstack-usage -fcyclomatic-complexity -MMD -MP -MF"Core/Src/main.d" -MT"Core/Src/main.o" --specs=nano.specs -mfpu=fpv4-sp-d16 -mfloat-abi=hard -mthumb -o "Core/Src/main.o"
In file included from ../Core/Src/main.c:51:
../Core/Src/../../../myLib/myLib.c: In function '__io_putchar':
../Core/Src/../../../myLib/myLib.c:3:36: warning: passing argument 2 of 'HAL_UART_Transmit' from incompatible pointer type [-Wincompatible-pointer-types]
    3 |         HAL_UART_Transmit(&huart2, &c, 1, 10);
      |                                    ^~
      |                                    |
      |                                    int *
In file included from ../Core/Inc/stm32f4xx_hal_conf.h:411,
                 from ../Drivers/STM32F4xx_HAL_Driver/Inc/stm32f4xx_hal.h:29,
                 from ../Core/Inc/main.h:30,
                 from ../Core/Src/main.c:20:
../Drivers/STM32F4xx_HAL_Driver/Inc/stm32f4xx_hal_uart.h:722:79: note: expected 'const uint8_t *' {aka 'const unsigned char *'} but argument is of type 'int *'
  722 | HAL_StatusTypeDef HAL_UART_Transmit(UART_HandleTypeDef *huart, const uint8_t *pData, uint16_t Size, uint32_t Timeout);
      |                                                                ~~~~~~~~~~~~~~~^~~~~
../Core/Src/main.c: In function 'main':
../Core/Src/main.c:105:3: warning: implicit declaration of function 'printf' [-Wimplicit-function-declaration]
  105 |   printf("\033[1J\033[1;1HRTOS Test Program Started...\r\n");
      |   ^~~~~~
../Core/Src/main.c:52:1: note: include '<stdio.h>' or provide a declaration of 'printf'
   51 | #include "../../../myLib/myLib.c"
  +++ |+#include <stdio.h>
   52 | /* USER CODE END PV */
../Core/Src/main.c:105:3: warning: incompatible implicit declaration of built-in function 'printf' [-Wbuiltin-declaration-mismatch]
  105 |   printf("\033[1J\033[1;1HRTOS Test Program Started...\r\n");
      |   ^~~~~~
../Core/Src/main.c:105:3: note: include '<stdio.h>' or provide a declaration of 'printf'
../Core/Src/main.c: In function 'StartTask01':
../Core/Src/main.c:309:19: warning: incompatible implicit declaration of built-in function 'printf' [-Wbuiltin-declaration-mismatch]
  309 |                   printf("\033[3;1Hin default Task......%d   \r\n", n++);
      |                   ^~~~~~
../Core/Src/main.c:309:19: note: include '<stdio.h>' or provide a declaration of 'printf'
../Core/Src/main.c: In function 'StartTask02':
../Core/Src/main.c:335:19: warning: incompatible implicit declaration of built-in function 'printf' [-Wbuiltin-declaration-mismatch]
  335 |                   printf("\033[5;1Hin Task    02......%d   \r\n", n++);
      |                   ^~~~~~
../Core/Src/main.c:335:19: note: include '<stdio.h>' or provide a declaration of 'printf'
../Core/Src/main.c: In function 'StartTask03':
../Core/Src/main.c:362:19: warning: incompatible implicit declaration of built-in function 'printf' [-Wbuiltin-declaration-mismatch]
  362 |                   printf("\033[7;1Hin Task 03......%d   \r\n", n++);
      |                   ^~~~~~
../Core/Src/main.c:362:19: note: include '<stdio.h>' or provide a declaration of 'printf'
arm-none-eabi-gcc -o "Test03-RTOS.elf" @"objects.list"   -mcpu=cortex-m4 -T"C:\Users\popo\STM32CubeIDE\workspace_1.13.1\Test03-RTOS\STM32F411RETX_FLASH.ld" --specs=nosys.specs -Wl,-Map="Test03-RTOS.map" -Wl,--gc-sections -static --specs=nano.specs -mfpu=fpv4-sp-d16 -mfloat-abi=hard -mthumb -Wl,--start-group -lc -lm -Wl,--end-group
Finished building target: Test03-RTOS.elf
 
arm-none-eabi-size   Test03-RTOS.elf 
arm-none-eabi-objdump -h -S  Test03-RTOS.elf  > "Test03-RTOS.list"
   text	   data	    bss	    dec	    hex	filename
  25564	    116	  18436	  44116	   ac54	Test03-RTOS.elf
Finished building: default.size.stdout
 
Finished building: Test03-RTOS.list
 
15:57:46 **** Incremental Build of configuration Debug for project Test03-RTOS ****
make -j4 all 
arm-none-eabi-gcc -o "Test03-RTOS.elf" @"objects.list"   -mcpu=cortex-m4 -T"C:\Users\popo\STM32CubeIDE\workspace_1.13.1\Test03-RTOS\STM32F411RETX_FLASH.ld" --specs=nosys.specs -Wl,-Map="Test03-RTOS.map" -Wl,--gc-sections -static --specs=nano.specs -mfpu=fpv4-sp-d16 -mfloat-abi=hard -mthumb -Wl,--start-group -lc -lm -Wl,--end-group
Finished building target: Test03-RTOS.elf
 
arm-none-eabi-size   Test03-RTOS.elf 
arm-none-eabi-objdump -h -S  Test03-RTOS.elf  > "Test03-RTOS.list"
   text	   data	    bss	    dec	    hex	filename
  25564	    116	  18436	  44116	   ac54	Test03-RTOS.elf
Finished building: default.size.stdout
 
Finished building: Test03-RTOS.list
 
15:59:41 **** Incremental Build of configuration Debug for project Test03-RTOS ****
make -j4 all 
arm-none-eabi-gcc "../Core/Src/main.c" -mcpu=cortex-m4 -std=gnu11 -g3 -DDEBUG -DUSE_HAL_DRIVER -DSTM32F411xE -c -I../Core/Inc -I../Drivers/STM32F4xx_HAL_Driver/Inc -I../Drivers/STM32F4xx_HAL_Driver/Inc/Legacy -I../Drivers/CMSIS/Device/ST/STM32F4xx/Include -I../Drivers/CMSIS/Include -I../Middlewares/Third_Party/FreeRTOS/Source/include -I../Middlewares/Third_Party/FreeRTOS/Source/CMSIS_RTOS -I../Middlewares/Third_Party/FreeRTOS/Source/portable/GCC/ARM_CM4F -O0 -ffunction-sections -fdata-sections -Wall -fstack-usage -fcyclomatic-complexity -MMD -MP -MF"Core/Src/main.d" -MT"Core/Src/main.o" --specs=nano.specs -mfpu=fpv4-sp-d16 -mfloat-abi=hard -mthumb -o "Core/Src/main.o"
In file included from ../Core/Src/main.c:51:
../Core/Src/../../../myLib/myLib.c: In function '__io_putchar':
../Core/Src/../../../myLib/myLib.c:3:36: warning: passing argument 2 of 'HAL_UART_Transmit' from incompatible pointer type [-Wincompatible-pointer-types]
    3 |         HAL_UART_Transmit(&huart2, &c, 1, 10);
      |                                    ^~
      |                                    |
      |                                    int *
In file included from ../Core/Inc/stm32f4xx_hal_conf.h:411,
                 from ../Drivers/STM32F4xx_HAL_Driver/Inc/stm32f4xx_hal.h:29,
                 from ../Core/Inc/main.h:30,
                 from ../Core/Src/main.c:20:
../Drivers/STM32F4xx_HAL_Driver/Inc/stm32f4xx_hal_uart.h:722:79: note: expected 'const uint8_t *' {aka 'const unsigned char *'} but argument is of type 'int *'
  722 | HAL_StatusTypeDef HAL_UART_Transmit(UART_HandleTypeDef *huart, const uint8_t *pData, uint16_t Size, uint32_t Timeout);
      |                                                                ~~~~~~~~~~~~~~~^~~~~
../Core/Src/main.c: In function 'main':
../Core/Src/main.c:105:3: warning: implicit declaration of function 'printf' [-Wimplicit-function-declaration]
  105 |   printf("\033[1J\033[1;1HRTOS Test Program Started...\r\n");
      |   ^~~~~~
../Core/Src/main.c:52:1: note: include '<stdio.h>' or provide a declaration of 'printf'
   51 | #include "../../../myLib/myLib.c"
  +++ |+#include <stdio.h>
   52 | /* USER CODE END PV */
../Core/Src/main.c:105:3: warning: incompatible implicit declaration of built-in function 'printf' [-Wbuiltin-declaration-mismatch]
  105 |   printf("\033[1J\033[1;1HRTOS Test Program Started...\r\n");
      |   ^~~~~~
../Core/Src/main.c:105:3: note: include '<stdio.h>' or provide a declaration of 'printf'
../Core/Src/main.c: In function 'StartTask01':
../Core/Src/main.c:304:13: warning: unused variable 'n' [-Wunused-variable]
  304 |         int n = 0;
      |             ^
../Core/Src/main.c: In function 'StartTask02':
../Core/Src/main.c:330:13: warning: unused variable 'n' [-Wunused-variable]
  330 |         int n = 0;
      |             ^
../Core/Src/main.c: In function 'StartTask03':
../Core/Src/main.c:357:13: warning: unused variable 'n' [-Wunused-variable]
  357 |         int n = 0;
      |             ^
arm-none-eabi-gcc -o "Test03-RTOS.elf" @"objects.list"   -mcpu=cortex-m4 -T"C:\Users\popo\STM32CubeIDE\workspace_1.13.1\Test03-RTOS\STM32F411RETX_FLASH.ld" --specs=nosys.specs -Wl,-Map="Test03-RTOS.map" -Wl,--gc-sections -static --specs=nano.specs -mfpu=fpv4-sp-d16 -mfloat-abi=hard -mthumb -Wl,--start-group -lc -lm -Wl,--end-group
Finished building target: Test03-RTOS.elf
 
arm-none-eabi-size   Test03-RTOS.elf 
arm-none-eabi-objdump -h -S  Test03-RTOS.elf  > "Test03-RTOS.list"
   text	   data	    bss	    dec	    hex	filename
  25396	    116	  18436	  43948	   abac	Test03-RTOS.elf
Finished building: default.size.stdout
 
Finished building: Test03-RTOS.list
 
16:01:32 **** Incremental Build of configuration Debug for project Test03-RTOS ****
make -j4 all 
arm-none-eabi-gcc "../Core/Src/main.c" -mcpu=cortex-m4 -std=gnu11 -g3 -DDEBUG -DUSE_HAL_DRIVER -DSTM32F411xE -c -I../Core/Inc -I../Drivers/STM32F4xx_HAL_Driver/Inc -I../Drivers/STM32F4xx_HAL_Driver/Inc/Legacy -I../Drivers/CMSIS/Device/ST/STM32F4xx/Include -I../Drivers/CMSIS/Include -I../Middlewares/Third_Party/FreeRTOS/Source/include -I../Middlewares/Third_Party/FreeRTOS/Source/CMSIS_RTOS -I../Middlewares/Third_Party/FreeRTOS/Source/portable/GCC/ARM_CM4F -O0 -ffunction-sections -fdata-sections -Wall -fstack-usage -fcyclomatic-complexity -MMD -MP -MF"Core/Src/main.d" -MT"Core/Src/main.o" --specs=nano.specs -mfpu=fpv4-sp-d16 -mfloat-abi=hard -mthumb -o "Core/Src/main.o"
In file included from ../Core/Src/main.c:51:
../Core/Src/../../../myLib/myLib.c: In function '__io_putchar':
../Core/Src/../../../myLib/myLib.c:3:36: warning: passing argument 2 of 'HAL_UART_Transmit' from incompatible pointer type [-Wincompatible-pointer-types]
    3 |         HAL_UART_Transmit(&huart2, &c, 1, 10);
      |                                    ^~
      |                                    |
      |                                    int *
In file included from ../Core/Inc/stm32f4xx_hal_conf.h:411,
                 from ../Drivers/STM32F4xx_HAL_Driver/Inc/stm32f4xx_hal.h:29,
                 from ../Core/Inc/main.h:30,
                 from ../Core/Src/main.c:20:
../Drivers/STM32F4xx_HAL_Driver/Inc/stm32f4xx_hal_uart.h:722:79: note: expected 'const uint8_t *' {aka 'const unsigned char *'} but argument is of type 'int *'
  722 | HAL_StatusTypeDef HAL_UART_Transmit(UART_HandleTypeDef *huart, const uint8_t *pData, uint16_t Size, uint32_t Timeout);
      |                                                                ~~~~~~~~~~~~~~~^~~~~
../Core/Src/main.c: In function 'main':
../Core/Src/main.c:105:3: warning: implicit declaration of function 'printf' [-Wimplicit-function-declaration]
  105 |   printf("\033[1J\033[1;1HRTOS Test Program Started...\r\n");
      |   ^~~~~~
../Core/Src/main.c:52:1: note: include '<stdio.h>' or provide a declaration of 'printf'
   51 | #include "../../../myLib/myLib.c"
  +++ |+#include <stdio.h>
   52 | /* USER CODE END PV */
../Core/Src/main.c:105:3: warning: incompatible implicit declaration of built-in function 'printf' [-Wbuiltin-declaration-mismatch]
  105 |   printf("\033[1J\033[1;1HRTOS Test Program Started...\r\n");
      |   ^~~~~~
../Core/Src/main.c:105:3: note: include '<stdio.h>' or provide a declaration of 'printf'
../Core/Src/main.c: In function 'StartTask01':
../Core/Src/main.c:312:19: warning: incompatible implicit declaration of built-in function 'printf' [-Wbuiltin-declaration-mismatch]
  312 |                   printf("\033[3;1Hin default Task......%d   \r\n", n++);
      |                   ^~~~~~
../Core/Src/main.c:312:19: note: include '<stdio.h>' or provide a declaration of 'printf'
../Core/Src/main.c: In function 'StartTask02':
../Core/Src/main.c:339:19: warning: incompatible implicit declaration of built-in function 'printf' [-Wbuiltin-declaration-mismatch]
  339 |                   printf("\033[5;1Hin Task    02......%d   \r\n", n++);
      |                   ^~~~~~
../Core/Src/main.c:339:19: note: include '<stdio.h>' or provide a declaration of 'printf'
../Core/Src/main.c: In function 'StartTask03':
../Core/Src/main.c:366:19: warning: incompatible implicit declaration of built-in function 'printf' [-Wbuiltin-declaration-mismatch]
  366 |                   printf("\033[7;1Hin Task 03......%d   \r\n", n++);
      |                   ^~~~~~
../Core/Src/main.c:366:19: note: include '<stdio.h>' or provide a declaration of 'printf'
arm-none-eabi-gcc -o "Test03-RTOS.elf" @"objects.list"   -mcpu=cortex-m4 -T"C:\Users\popo\STM32CubeIDE\workspace_1.13.1\Test03-RTOS\STM32F411RETX_FLASH.ld" --specs=nosys.specs -Wl,-Map="Test03-RTOS.map" -Wl,--gc-sections -static --specs=nano.specs -mfpu=fpv4-sp-d16 -mfloat-abi=hard -mthumb -Wl,--start-group -lc -lm -Wl,--end-group
Finished building target: Test03-RTOS.elf
 
arm-none-eabi-size   Test03-RTOS.elf 
arm-none-eabi-objdump -h -S  Test03-RTOS.elf  > "Test03-RTOS.list"
   text	   data	    bss	    dec	    hex	filename
  25564	    116	  18436	  44116	   ac54	Test03-RTOS.elf
Finished building: default.size.stdout
 
Finished building: Test03-RTOS.list
 
16:03:45 **** Incremental Build of configuration Debug for project Test03-RTOS ****
make -j4 all 
arm-none-eabi-gcc "../Core/Src/main.c" -mcpu=cortex-m4 -std=gnu11 -g3 -DDEBUG -DUSE_HAL_DRIVER -DSTM32F411xE -c -I../Core/Inc -I../Drivers/STM32F4xx_HAL_Driver/Inc -I../Drivers/STM32F4xx_HAL_Driver/Inc/Legacy -I../Drivers/CMSIS/Device/ST/STM32F4xx/Include -I../Drivers/CMSIS/Include -I../Middlewares/Third_Party/FreeRTOS/Source/include -I../Middlewares/Third_Party/FreeRTOS/Source/CMSIS_RTOS -I../Middlewares/Third_Party/FreeRTOS/Source/portable/GCC/ARM_CM4F -O0 -ffunction-sections -fdata-sections -Wall -fstack-usage -fcyclomatic-complexity -MMD -MP -MF"Core/Src/main.d" -MT"Core/Src/main.o" --specs=nano.specs -mfpu=fpv4-sp-d16 -mfloat-abi=hard -mthumb -o "Core/Src/main.o"
In file included from ../Core/Src/main.c:51:
../Core/Src/../../../myLib/myLib.c: In function '__io_putchar':
../Core/Src/../../../myLib/myLib.c:3:36: warning: passing argument 2 of 'HAL_UART_Transmit' from incompatible pointer type [-Wincompatible-pointer-types]
    3 |         HAL_UART_Transmit(&huart2, &c, 1, 10);
      |                                    ^~
      |                                    |
      |                                    int *
In file included from ../Core/Inc/stm32f4xx_hal_conf.h:411,
                 from ../Drivers/STM32F4xx_HAL_Driver/Inc/stm32f4xx_hal.h:29,
                 from ../Core/Inc/main.h:30,
                 from ../Core/Src/main.c:20:
../Drivers/STM32F4xx_HAL_Driver/Inc/stm32f4xx_hal_uart.h:722:79: note: expected 'const uint8_t *' {aka 'const unsigned char *'} but argument is of type 'int *'
  722 | HAL_StatusTypeDef HAL_UART_Transmit(UART_HandleTypeDef *huart, const uint8_t *pData, uint16_t Size, uint32_t Timeout);
      |                                                                ~~~~~~~~~~~~~~~^~~~~
../Core/Src/main.c: In function 'main':
../Core/Src/main.c:105:3: warning: implicit declaration of function 'printf' [-Wimplicit-function-declaration]
  105 |   printf("\033[1J\033[1;1HRTOS Test Program Started...\r\n");
      |   ^~~~~~
../Core/Src/main.c:52:1: note: include '<stdio.h>' or provide a declaration of 'printf'
   51 | #include "../../../myLib/myLib.c"
  +++ |+#include <stdio.h>
   52 | /* USER CODE END PV */
../Core/Src/main.c:105:3: warning: incompatible implicit declaration of built-in function 'printf' [-Wbuiltin-declaration-mismatch]
  105 |   printf("\033[1J\033[1;1HRTOS Test Program Started...\r\n");
      |   ^~~~~~
../Core/Src/main.c:105:3: note: include '<stdio.h>' or provide a declaration of 'printf'
../Core/Src/main.c: In function 'StartTask01':
../Core/Src/main.c:309:19: warning: incompatible implicit declaration of built-in function 'printf' [-Wbuiltin-declaration-mismatch]
  309 |                   printf("\033[3;1Hin default Task......%d   \r\n", n++);
      |                   ^~~~~~
../Core/Src/main.c:309:19: note: include '<stdio.h>' or provide a declaration of 'printf'
../Core/Src/main.c: In function 'StartTask02':
../Core/Src/main.c:335:19: warning: incompatible implicit declaration of built-in function 'printf' [-Wbuiltin-declaration-mismatch]
  335 |                   printf("\033[5;1Hin Task    02......%d   \r\n", n++);
      |                   ^~~~~~
../Core/Src/main.c:335:19: note: include '<stdio.h>' or provide a declaration of 'printf'
../Core/Src/main.c: In function 'StartTask03':
../Core/Src/main.c:362:19: warning: incompatible implicit declaration of built-in function 'printf' [-Wbuiltin-declaration-mismatch]
  362 |                   printf("\033[7;1Hin Task 03......%d   \r\n", n++);
      |                   ^~~~~~
../Core/Src/main.c:362:19: note: include '<stdio.h>' or provide a declaration of 'printf'
arm-none-eabi-gcc -o "Test03-RTOS.elf" @"objects.list"   -mcpu=cortex-m4 -T"C:\Users\popo\STM32CubeIDE\workspace_1.13.1\Test03-RTOS\STM32F411RETX_FLASH.ld" --specs=nosys.specs -Wl,-Map="Test03-RTOS.map" -Wl,--gc-sections -static --specs=nano.specs -mfpu=fpv4-sp-d16 -mfloat-abi=hard -mthumb -Wl,--start-group -lc -lm -Wl,--end-group
Finished building target: Test03-RTOS.elf
 
arm-none-eabi-size   Test03-RTOS.elf 
arm-none-eabi-objdump -h -S  Test03-RTOS.elf  > "Test03-RTOS.list"
   text	   data	    bss	    dec	    hex	filename
  25564	    116	  18436	  44116	   ac54	Test03-RTOS.elf
Finished building: default.size.stdout
 
Finished building: Test03-RTOS.list
 
