17:11:55 **** Incremental Build of configuration Debug for project Test-PWM ****
make -j4 all 
arm-none-eabi-gcc "../Core/Src/main.c" -mcpu=cortex-m4 -std=gnu11 -g3 -DDEBUG -DUSE_HAL_DRIVER -DSTM32F411xE -c -I../Core/Inc -I../Drivers/STM32F4xx_HAL_Driver/Inc -I../Drivers/STM32F4xx_HAL_Driver/Inc/Legacy -I../Drivers/CMSIS/Device/ST/STM32F4xx/Include -I../Drivers/CMSIS/Include -O0 -ffunction-sections -fdata-sections -Wall -fstack-usage -fcyclomatic-complexity -MMD -MP -MF"Core/Src/main.d" -MT"Core/Src/main.o" --specs=nano.specs -mfpu=fpv4-sp-d16 -mfloat-abi=hard -mthumb -o "Core/Src/main.o"
arm-none-eabi-gcc -o "Test-PWM.elf" @"objects.list"   -mcpu=cortex-m4 -T"C:\Users\popo\STM32CubeIDE\workspace_1.13.1\Test-PWM\STM32F411RETX_FLASH.ld" --specs=nosys.specs -Wl,-Map="Test-PWM.map" -Wl,--gc-sections -static --specs=nano.specs -mfpu=fpv4-sp-d16 -mfloat-abi=hard -mthumb -Wl,--start-group -lc -lm -Wl,--end-group
Finished building target: Test-PWM.elf
 
arm-none-eabi-size   Test-PWM.elf 
arm-none-eabi-objdump -h -S  Test-PWM.elf  > "Test-PWM.list"
   text	   data	    bss	    dec	    hex	filename
  10848	     20	   1780	  12648	   3168	Test-PWM.elf
Finished building: default.size.stdout
 
Finished building: Test-PWM.list
 

17:11:56 Build Finished. 0 errors, 0 warnings. (took 1s.350ms)

